Archive member included to satisfy reference by file (symbol)

c:/st/stm32cubeide_1.10.1/stm32cubeide/plugins/com.st.stm32cube.ide.mcu.externaltools.gnu-tools-for-stm32.10.3-2021.10.win32_1.0.200.202301161003/tools/bin/../lib/gcc/arm-none-eabi/10.3.1/../../../../arm-none-eabi/lib/thumb/v7-m/nofp\libc_nano.a(lib_a-errno.o)
                              ./Application/User/Core/syscalls.o (__errno)
c:/st/stm32cubeide_1.10.1/stm32cubeide/plugins/com.st.stm32cube.ide.mcu.externaltools.gnu-tools-for-stm32.10.3-2021.10.win32_1.0.200.202301161003/tools/bin/../lib/gcc/arm-none-eabi/10.3.1/../../../../arm-none-eabi/lib/thumb/v7-m/nofp\libc_nano.a(lib_a-exit.o)
                              c:/st/stm32cubeide_1.10.1/stm32cubeide/plugins/com.st.stm32cube.ide.mcu.externaltools.gnu-tools-for-stm32.10.3-2021.10.win32_1.0.200.202301161003/tools/bin/../lib/gcc/arm-none-eabi/10.3.1/../../../../arm-none-eabi/lib/thumb/v7-m/nofp/crt0.o (exit)
c:/st/stm32cubeide_1.10.1/stm32cubeide/plugins/com.st.stm32cube.ide.mcu.externaltools.gnu-tools-for-stm32.10.3-2021.10.win32_1.0.200.202301161003/tools/bin/../lib/gcc/arm-none-eabi/10.3.1/../../../../arm-none-eabi/lib/thumb/v7-m/nofp\libc_nano.a(lib_a-impure.o)
                              c:/st/stm32cubeide_1.10.1/stm32cubeide/plugins/com.st.stm32cube.ide.mcu.externaltools.gnu-tools-for-stm32.10.3-2021.10.win32_1.0.200.202301161003/tools/bin/../lib/gcc/arm-none-eabi/10.3.1/../../../../arm-none-eabi/lib/thumb/v7-m/nofp\libc_nano.a(lib_a-exit.o) (_global_impure_ptr)
c:/st/stm32cubeide_1.10.1/stm32cubeide/plugins/com.st.stm32cube.ide.mcu.externaltools.gnu-tools-for-stm32.10.3-2021.10.win32_1.0.200.202301161003/tools/bin/../lib/gcc/arm-none-eabi/10.3.1/../../../../arm-none-eabi/lib/thumb/v7-m/nofp\libc_nano.a(lib_a-init.o)
                              c:/st/stm32cubeide_1.10.1/stm32cubeide/plugins/com.st.stm32cube.ide.mcu.externaltools.gnu-tools-for-stm32.10.3-2021.10.win32_1.0.200.202301161003/tools/bin/../lib/gcc/arm-none-eabi/10.3.1/../../../../arm-none-eabi/lib/thumb/v7-m/nofp/crt0.o (__libc_init_array)
c:/st/stm32cubeide_1.10.1/stm32cubeide/plugins/com.st.stm32cube.ide.mcu.externaltools.gnu-tools-for-stm32.10.3-2021.10.win32_1.0.200.202301161003/tools/bin/../lib/gcc/arm-none-eabi/10.3.1/../../../../arm-none-eabi/lib/thumb/v7-m/nofp\libc_nano.a(lib_a-memset.o)
                              c:/st/stm32cubeide_1.10.1/stm32cubeide/plugins/com.st.stm32cube.ide.mcu.externaltools.gnu-tools-for-stm32.10.3-2021.10.win32_1.0.200.202301161003/tools/bin/../lib/gcc/arm-none-eabi/10.3.1/../../../../arm-none-eabi/lib/thumb/v7-m/nofp/crt0.o (memset)

Discarded input sections

 .text          0x0000000000000000        0x0 c:/st/stm32cubeide_1.10.1/stm32cubeide/plugins/com.st.stm32cube.ide.mcu.externaltools.gnu-tools-for-stm32.10.3-2021.10.win32_1.0.200.202301161003/tools/bin/../lib/gcc/arm-none-eabi/10.3.1/thumb/v7-m/nofp/crti.o
 .data          0x0000000000000000        0x0 c:/st/stm32cubeide_1.10.1/stm32cubeide/plugins/com.st.stm32cube.ide.mcu.externaltools.gnu-tools-for-stm32.10.3-2021.10.win32_1.0.200.202301161003/tools/bin/../lib/gcc/arm-none-eabi/10.3.1/thumb/v7-m/nofp/crti.o
 .bss           0x0000000000000000        0x0 c:/st/stm32cubeide_1.10.1/stm32cubeide/plugins/com.st.stm32cube.ide.mcu.externaltools.gnu-tools-for-stm32.10.3-2021.10.win32_1.0.200.202301161003/tools/bin/../lib/gcc/arm-none-eabi/10.3.1/thumb/v7-m/nofp/crti.o
 .data          0x0000000000000000        0x4 c:/st/stm32cubeide_1.10.1/stm32cubeide/plugins/com.st.stm32cube.ide.mcu.externaltools.gnu-tools-for-stm32.10.3-2021.10.win32_1.0.200.202301161003/tools/bin/../lib/gcc/arm-none-eabi/10.3.1/thumb/v7-m/nofp/crtbegin.o
 .rodata        0x0000000000000000       0x24 c:/st/stm32cubeide_1.10.1/stm32cubeide/plugins/com.st.stm32cube.ide.mcu.externaltools.gnu-tools-for-stm32.10.3-2021.10.win32_1.0.200.202301161003/tools/bin/../lib/gcc/arm-none-eabi/10.3.1/thumb/v7-m/nofp/crtbegin.o
 .text          0x0000000000000000       0x7c c:/st/stm32cubeide_1.10.1/stm32cubeide/plugins/com.st.stm32cube.ide.mcu.externaltools.gnu-tools-for-stm32.10.3-2021.10.win32_1.0.200.202301161003/tools/bin/../lib/gcc/arm-none-eabi/10.3.1/../../../../arm-none-eabi/lib/thumb/v7-m/nofp/crt0.o
 .data          0x0000000000000000        0x0 c:/st/stm32cubeide_1.10.1/stm32cubeide/plugins/com.st.stm32cube.ide.mcu.externaltools.gnu-tools-for-stm32.10.3-2021.10.win32_1.0.200.202301161003/tools/bin/../lib/gcc/arm-none-eabi/10.3.1/../../../../arm-none-eabi/lib/thumb/v7-m/nofp/crt0.o
 .bss           0x0000000000000000        0x0 c:/st/stm32cubeide_1.10.1/stm32cubeide/plugins/com.st.stm32cube.ide.mcu.externaltools.gnu-tools-for-stm32.10.3-2021.10.win32_1.0.200.202301161003/tools/bin/../lib/gcc/arm-none-eabi/10.3.1/../../../../arm-none-eabi/lib/thumb/v7-m/nofp/crt0.o
[...]
Memory Configuration

Name             Origin             Length             Attributes
RAM              0x0000000020000000 0x0000000000005000 xrw
FLASH            0x0000000008000000 0x0000000000010000 xr
*default*        0x0000000000000000 0xffffffffffffffff

Linker script and memory map

LOAD c:/st/stm32cubeide_1.10.1/stm32cubeide/plugins/com.st.stm32cube.ide.mcu.externaltools.gnu-tools-for-stm32.10.3-2021.10.win32_1.0.200.202301161003/tools/bin/../lib/gcc/arm-none-eabi/10.3.1/thumb/v7-m/nofp/crti.o
LOAD c:/st/stm32cubeide_1.10.1/stm32cubeide/plugins/com.st.stm32cube.ide.mcu.externaltools.gnu-tools-for-stm32.10.3-2021.10.win32_1.0.200.202301161003/tools/bin/../lib/gcc/arm-none-eabi/10.3.1/thumb/v7-m/nofp/crtbegin.o
LOAD c:/st/stm32cubeide_1.10.1/stm32cubeide/plugins/com.st.stm32cube.ide.mcu.externaltools.gnu-tools-for-stm32.10.3-2021.10.win32_1.0.200.202301161003/tools/bin/../lib/gcc/arm-none-eabi/10.3.1/../../../../arm-none-eabi/lib/thumb/v7-m/nofp/crt0.o
LOAD ./Application/User/Core/main.o
LOAD ./Application/User/Core/stm32f1xx_hal_msp.o
LOAD ./Application/User/Core/stm32f1xx_it.o
LOAD ./Application/User/Core/syscalls.o
LOAD ./Application/User/Core/sysmem.o
LOAD ./Application/User/Startup/startup_stm32f103c8tx.o
LOAD ./Application/User/USB_DEVICE/App/usb_device.o
LOAD ./Application/User/USB_DEVICE/App/usbd_custom_hid_if.o
LOAD ./Application/User/USB_DEVICE/App/usbd_desc.o
LOAD ./Application/User/USB_DEVICE/Target/usbd_conf.o
LOAD ./Drivers/CMSIS/system_stm32f1xx.o
LOAD ./Drivers/STM32F1xx_HAL_Driver/stm32f1xx_hal.o
LOAD ./Drivers/STM32F1xx_HAL_Driver/stm32f1xx_hal_cortex.o
LOAD ./Drivers/STM32F1xx_HAL_Driver/stm32f1xx_hal_dma.o
LOAD ./Drivers/STM32F1xx_HAL_Driver/stm32f1xx_hal_exti.o
LOAD ./Drivers/STM32F1xx_HAL_Driver/stm32f1xx_hal_flash.o
LOAD ./Drivers/STM32F1xx_HAL_Driver/stm32f1xx_hal_flash_ex.o
LOAD ./Drivers/STM32F1xx_HAL_Driver/stm32f1xx_hal_gpio.o
LOAD ./Drivers/STM32F1xx_HAL_Driver/stm32f1xx_hal_gpio_ex.o
LOAD ./Drivers/STM32F1xx_HAL_Driver/stm32f1xx_hal_pcd.o
LOAD ./Drivers/STM32F1xx_HAL_Driver/stm32f1xx_hal_pcd_ex.o
LOAD ./Drivers/STM32F1xx_HAL_Driver/stm32f1xx_hal_pwr.o
LOAD ./Drivers/STM32F1xx_HAL_Driver/stm32f1xx_hal_rcc.o
LOAD ./Drivers/STM32F1xx_HAL_Driver/stm32f1xx_hal_rcc_ex.o
LOAD ./Drivers/STM32F1xx_HAL_Driver/stm32f1xx_hal_tim.o
LOAD ./Drivers/STM32F1xx_HAL_Driver/stm32f1xx_hal_tim_ex.o
LOAD ./Drivers/STM32F1xx_HAL_Driver/stm32f1xx_ll_usb.o
LOAD ./Middlewares/USB_Device_Library/usbd_core.o
LOAD ./Middlewares/USB_Device_Library/usbd_ctlreq.o
LOAD ./Middlewares/USB_Device_Library/usbd_customhid.o
LOAD ./Middlewares/USB_Device_Library/usbd_ioreq.o
START GROUP
LOAD c:/st/stm32cubeide_1.10.1/stm32cubeide/plugins/com.st.stm32cube.ide.mcu.externaltools.gnu-tools-for-stm32.10.3-2021.10.win32_1.0.200.202301161003/tools/bin/../lib/gcc/arm-none-eabi/10.3.1/../../../../arm-none-eabi/lib/thumb/v7-m/nofp\libc_nano.a
LOAD c:/st/stm32cubeide_1.10.1/stm32cubeide/plugins/com.st.stm32cube.ide.mcu.externaltools.gnu-tools-for-stm32.10.3-2021.10.win32_1.0.200.202301161003/tools/bin/../lib/gcc/arm-none-eabi/10.3.1/../../../../arm-none-eabi/lib/thumb/v7-m/nofp\libm.a
END GROUP
START GROUP
LOAD c:/st/stm32cubeide_1.10.1/stm32cubeide/plugins/com.st.stm32cube.ide.mcu.externaltools.gnu-tools-for-stm32.10.3-2021.10.win32_1.0.200.202301161003/tools/bin/../lib/gcc/arm-none-eabi/10.3.1/thumb/v7-m/nofp\libgcc.a
LOAD c:/st/stm32cubeide_1.10.1/stm32cubeide/plugins/com.st.stm32cube.ide.mcu.externaltools.gnu-tools-for-stm32.10.3-2021.10.win32_1.0.200.202301161003/tools/bin/../lib/gcc/arm-none-eabi/10.3.1/../../../../arm-none-eabi/lib/thumb/v7-m/nofp\libc_nano.a
END GROUP
START GROUP
LOAD c:/st/stm32cubeide_1.10.1/stm32cubeide/plugins/com.st.stm32cube.ide.mcu.externaltools.gnu-tools-for-stm32.10.3-2021.10.win32_1.0.200.202301161003/tools/bin/../lib/gcc/arm-none-eabi/10.3.1/thumb/v7-m/nofp\libgcc.a
LOAD c:/st/stm32cubeide_1.10.1/stm32cubeide/plugins/com.st.stm32cube.ide.mcu.externaltools.gnu-tools-for-stm32.10.3-2021.10.win32_1.0.200.202301161003/tools/bin/../lib/gcc/arm-none-eabi/10.3.1/../../../../arm-none-eabi/lib/thumb/v7-m/nofp\libc_nano.a
LOAD c:/st/stm32cubeide_1.10.1/stm32cubeide/plugins/com.st.stm32cube.ide.mcu.externaltools.gnu-tools-for-stm32.10.3-2021.10.win32_1.0.200.202301161003/tools/bin/../lib/gcc/arm-none-eabi/10.3.1/../../../../arm-none-eabi/lib/thumb/v7-m/nofp\libnosys.a
END GROUP
START GROUP
LOAD c:/st/stm32cubeide_1.10.1/stm32cubeide/plugins/com.st.stm32cube.ide.mcu.externaltools.gnu-tools-for-stm32.10.3-2021.10.win32_1.0.200.202301161003/tools/bin/../lib/gcc/arm-none-eabi/10.3.1/thumb/v7-m/nofp\libgcc.a
LOAD c:/st/stm32cubeide_1.10.1/stm32cubeide/plugins/com.st.stm32cube.ide.mcu.externaltools.gnu-tools-for-stm32.10.3-2021.10.win32_1.0.200.202301161003/tools/bin/../lib/gcc/arm-none-eabi/10.3.1/../../../../arm-none-eabi/lib/thumb/v7-m/nofp\libc_nano.a
LOAD c:/st/stm32cubeide_1.10.1/stm32cubeide/plugins/com.st.stm32cube.ide.mcu.externaltools.gnu-tools-for-stm32.10.3-2021.10.win32_1.0.200.202301161003/tools/bin/../lib/gcc/arm-none-eabi/10.3.1/../../../../arm-none-eabi/lib/thumb/v7-m/nofp\libnosys.a
END GROUP
LOAD c:/st/stm32cubeide_1.10.1/stm32cubeide/plugins/com.st.stm32cube.ide.mcu.externaltools.gnu-tools-for-stm32.10.3-2021.10.win32_1.0.200.202301161003/tools/bin/../lib/gcc/arm-none-eabi/10.3.1/thumb/v7-m/nofp/crtend.o
LOAD c:/st/stm32cubeide_1.10.1/stm32cubeide/plugins/com.st.stm32cube.ide.mcu.externaltools.gnu-tools-for-stm32.10.3-2021.10.win32_1.0.200.202301161003/tools/bin/../lib/gcc/arm-none-eabi/10.3.1/thumb/v7-m/nofp/crtn.o
                0x0000000020005000                _estack = (ORIGIN (RAM) + LENGTH (RAM))
                0x0000000000000200                _Min_Heap_Size = 0x200
                0x0000000000000400                _Min_Stack_Size = 0x400

.isr_vector     0x0000000008000000      0x10c
                0x0000000008000000                . = ALIGN (0x4)
 *(.isr_vector)
 .isr_vector    0x0000000008000000      0x10c ./Application/User/Startup/startup_stm32f103c8tx.o
                0x0000000008000000                g_pfnVectors
                0x000000000800010c                . = ALIGN (0x4)

.text           0x000000000800010c     0x7138
                0x000000000800010c                . = ALIGN (0x4)
 *(.text)
 .text          0x000000000800010c       0x40 c:/st/stm32cubeide_1.10.1/stm32cubeide/plugins/com.st.stm32cube.ide.mcu.externaltools.gnu-tools-for-stm32.10.3-2021.10.win32_1.0.200.202301161003/tools/bin/../lib/gcc/arm-none-eabi/10.3.1/thumb/v7-m/nofp/crtbegin.o
 *(.text*)
 .text.main     0x000000000800014c       0x16 ./Application/User/Core/main.o
                0x000000000800014c                main
 .text.SystemClock_Config
                0x0000000008000162       0xb4 ./Application/User/Core/main.o
                0x0000000008000162                SystemClock_Config
 *fill*         0x0000000008000216        0x2 
 .text.MX_GPIO_Init
                0x0000000008000218       0x5c ./Application/User/Core/main.o
 .text.Error_Handler
                0x0000000008000274        0xa ./Application/User/Core/main.o
                0x0000000008000274                Error_Handler
 *fill*         0x000000000800027e        0x2 
 .text.HAL_MspInit
                0x0000000008000280       0x64 ./Application/User/Core/stm32f1xx_hal_msp.o
                0x0000000008000280                HAL_MspInit
 .text.NMI_Handler
                0x00000000080002e4        0x6 ./Application/User/Core/stm32f1xx_it.o
                0x00000000080002e4                NMI_Handler
 .text.HardFault_Handler
                0x00000000080002ea        0x6 ./Application/User/Core/stm32f1xx_it.o
                0x00000000080002ea                HardFault_Handler
 .text.MemManage_Handler
                0x00000000080002f0        0x6 ./Application/User/Core/stm32f1xx_it.o
                0x00000000080002f0                MemManage_Handler
 .text.BusFault_Handler
                0x00000000080002f6        0x6 ./Application/User/Core/stm32f1xx_it.o
                0x00000000080002f6                BusFault_Handler
 .text.UsageFault_Handler
                0x00000000080002fc        0x6 ./Application/User/Core/stm32f1xx_it.o
                0x00000000080002fc                UsageFault_Handler
 .text.SVC_Handler
                0x0000000008000302        0xc ./Application/User/Core/stm32f1xx_it.o
                0x0000000008000302                SVC_Handler
 .text.DebugMon_Handler
                0x000000000800030e        0xc ./Application/User/Core/stm32f1xx_it.o
                0x000000000800030e                DebugMon_Handler
 .text.PendSV_Handler
                0x000000000800031a        0xc ./Application/User/Core/stm32f1xx_it.o
                0x000000000800031a                PendSV_Handler
 .text.SysTick_Handler
                0x0000000008000326        0xc ./Application/User/Core/stm32f1xx_it.o
                0x0000000008000326                SysTick_Handler
 *fill*         0x0000000008000332        0x2 
 .text.USB_LP_CAN1_RX0_IRQHandler
                0x0000000008000334       0x14 ./Application/User/Core/stm32f1xx_it.o
                0x0000000008000334                USB_LP_CAN1_RX0_IRQHandler
 .text.Reset_Handler
                0x0000000008000348       0x48 ./Application/User/Startup/startup_stm32f103c8tx.o
                0x0000000008000348                Reset_Handler
 .text.Default_Handler
                0x0000000008000390        0x2 ./Application/User/Startup/startup_stm32f103c8tx.o
                0x0000000008000390                RTC_Alarm_IRQHandler
                0x0000000008000390                EXTI2_IRQHandler
                0x0000000008000390                TIM1_CC_IRQHandler
                0x0000000008000390                PVD_IRQHandler
                0x0000000008000390                EXTI3_IRQHandler
                0x0000000008000390                EXTI0_IRQHandler
                0x0000000008000390                I2C2_EV_IRQHandler
                0x0000000008000390                ADC1_2_IRQHandler
                0x0000000008000390                SPI1_IRQHandler
                0x0000000008000390                TAMPER_IRQHandler
                0x0000000008000390                DMA1_Channel4_IRQHandler
                0x0000000008000390                USART3_IRQHandler
                0x0000000008000390                RTC_IRQHandler
                0x0000000008000390                DMA1_Channel7_IRQHandler
                0x0000000008000390                CAN1_RX1_IRQHandler
                0x0000000008000390                TIM4_IRQHandler
                0x0000000008000390                I2C1_EV_IRQHandler
                0x0000000008000390                DMA1_Channel6_IRQHandler
                0x0000000008000390                TIM3_IRQHandler
                0x0000000008000390                RCC_IRQHandler
                0x0000000008000390                TIM1_TRG_COM_IRQHandler
                0x0000000008000390                DMA1_Channel1_IRQHandler
                0x0000000008000390                Default_Handler
                0x0000000008000390                EXTI15_10_IRQHandler
                0x0000000008000390                EXTI9_5_IRQHandler
                0x0000000008000390                SPI2_IRQHandler
                0x0000000008000390                DMA1_Channel5_IRQHandler
                0x0000000008000390                EXTI4_IRQHandler
                0x0000000008000390                USB_HP_CAN1_TX_IRQHandler
                0x0000000008000390                DMA1_Channel3_IRQHandler
                0x0000000008000390                TIM1_UP_IRQHandler
                0x0000000008000390                WWDG_IRQHandler
                0x0000000008000390                TIM2_IRQHandler
                0x0000000008000390                TIM1_BRK_IRQHandler
                0x0000000008000390                EXTI1_IRQHandler
                0x0000000008000390                USART2_IRQHandler
                0x0000000008000390                I2C2_ER_IRQHandler
                0x0000000008000390                DMA1_Channel2_IRQHandler
                0x0000000008000390                CAN1_SCE_IRQHandler
                0x0000000008000390                FLASH_IRQHandler
                0x0000000008000390                USART1_IRQHandler
                0x0000000008000390                I2C1_ER_IRQHandler
                0x0000000008000390                USBWakeUp_IRQHandler
 *fill*         0x0000000008000392        0x2 
 .text.MX_USB_DEVICE_Init
                0x0000000008000394       0x60 ./Application/User/USB_DEVICE/App/usb_device.o
                0x0000000008000394                MX_USB_DEVICE_Init
 .text.CUSTOM_HID_Init_FS
                0x00000000080003f4        0xe ./Application/User/USB_DEVICE/App/usbd_custom_hid_if.o
 .text.CUSTOM_HID_DeInit_FS
                0x0000000008000402        0xe ./Application/User/USB_DEVICE/App/usbd_custom_hid_if.o
 .text.CUSTOM_HID_OutEvent_FS
                0x0000000008000410       0x1c ./Application/User/USB_DEVICE/App/usbd_custom_hid_if.o
 .text.USBD_FS_DeviceDescriptor
                0x000000000800042c       0x24 ./Application/User/USB_DEVICE/App/usbd_desc.o
                0x000000000800042c                USBD_FS_DeviceDescriptor
 .text.USBD_FS_LangIDStrDescriptor
                0x0000000008000450       0x24 ./Application/User/USB_DEVICE/App/usbd_desc.o
                0x0000000008000450                USBD_FS_LangIDStrDescriptor
 .text.USBD_FS_ProductStrDescriptor
                0x0000000008000474       0x3c ./Application/User/USB_DEVICE/App/usbd_desc.o
                0x0000000008000474                USBD_FS_ProductStrDescriptor
 .text.USBD_FS_ManufacturerStrDescriptor
                0x00000000080004b0       0x28 ./Application/User/USB_DEVICE/App/usbd_desc.o
                0x00000000080004b0                USBD_FS_ManufacturerStrDescriptor
 .text.USBD_FS_SerialStrDescriptor
                0x00000000080004d8       0x24 ./Application/User/USB_DEVICE/App/usbd_desc.o
                0x00000000080004d8                USBD_FS_SerialStrDescriptor
 .text.USBD_FS_ConfigStrDescriptor
                0x00000000080004fc       0x3c ./Application/User/USB_DEVICE/App/usbd_desc.o
                0x00000000080004fc                USBD_FS_ConfigStrDescriptor
 .text.USBD_FS_InterfaceStrDescriptor
                0x0000000008000538       0x3c ./Application/User/USB_DEVICE/App/usbd_desc.o
                0x0000000008000538                USBD_FS_InterfaceStrDescriptor
 .text.Get_SerialNum
                0x0000000008000574       0x58 ./Application/User/USB_DEVICE/App/usbd_desc.o
 .text.IntToUnicode
                0x00000000080005cc       0x7c ./Application/User/USB_DEVICE/App/usbd_desc.o
 .text.HAL_PCD_MspInit
                0x0000000008000648       0x4c ./Application/User/USB_DEVICE/Target/usbd_conf.o
                0x0000000008000648                HAL_PCD_MspInit
 .text.HAL_PCD_SetupStageCallback
                0x0000000008000694       0x24 ./Application/User/USB_DEVICE/Target/usbd_conf.o
                0x0000000008000694                HAL_PCD_SetupStageCallback
 .text.HAL_PCD_DataOutStageCallback
                0x00000000080006b8       0x36 ./Application/User/USB_DEVICE/Target/usbd_conf.o
                0x00000000080006b8                HAL_PCD_DataOutStageCallback
 .text.HAL_PCD_DataInStageCallback
                0x00000000080006ee       0x34 ./Application/User/USB_DEVICE/Target/usbd_conf.o
                0x00000000080006ee                HAL_PCD_DataInStageCallback
 .text.HAL_PCD_SOFCallback
                0x0000000008000722       0x1c ./Application/User/USB_DEVICE/Target/usbd_conf.o
                0x0000000008000722                HAL_PCD_SOFCallback
 .text.HAL_PCD_ResetCallback
                0x000000000800073e       0x3c ./Application/User/USB_DEVICE/Target/usbd_conf.o
                0x000000000800073e                HAL_PCD_ResetCallback
 *fill*         0x000000000800077a        0x2 
 .text.HAL_PCD_SuspendCallback
                0x000000000800077c       0x34 ./Application/User/USB_DEVICE/Target/usbd_conf.o
                0x000000000800077c                HAL_PCD_SuspendCallback
 .text.HAL_PCD_ResumeCallback
                0x00000000080007b0       0x1c ./Application/User/USB_DEVICE/Target/usbd_conf.o
                0x00000000080007b0                HAL_PCD_ResumeCallback
 .text.USBD_LL_Init
                0x00000000080007cc       0xa0 ./Application/User/USB_DEVICE/Target/usbd_conf.o
                0x00000000080007cc                USBD_LL_Init
 .text.USBD_LL_Start
                0x000000000800086c       0x36 ./Application/User/USB_DEVICE/Target/usbd_conf.o
                0x000000000800086c                USBD_LL_Start
 .text.USBD_LL_OpenEP
                0x00000000080008a2       0x4c ./Application/User/USB_DEVICE/Target/usbd_conf.o
                0x00000000080008a2                USBD_LL_OpenEP
 .text.USBD_LL_CloseEP
                0x00000000080008ee       0x3e ./Application/User/USB_DEVICE/Target/usbd_conf.o
                0x00000000080008ee                USBD_LL_CloseEP
 .text.USBD_LL_StallEP
                0x000000000800092c       0x3e ./Application/User/USB_DEVICE/Target/usbd_conf.o
                0x000000000800092c                USBD_LL_StallEP
 .text.USBD_LL_ClearStallEP
                0x000000000800096a       0x3e ./Application/User/USB_DEVICE/Target/usbd_conf.o
                0x000000000800096a                USBD_LL_ClearStallEP
 .text.USBD_LL_IsStallEP
                0x00000000080009a8       0x58 ./Application/User/USB_DEVICE/Target/usbd_conf.o
                0x00000000080009a8                USBD_LL_IsStallEP
 .text.USBD_LL_SetUSBAddress
                0x0000000008000a00       0x3e ./Application/User/USB_DEVICE/Target/usbd_conf.o
                0x0000000008000a00                USBD_LL_SetUSBAddress
 .text.USBD_LL_Transmit
                0x0000000008000a3e       0x46 ./Application/User/USB_DEVICE/Target/usbd_conf.o
                0x0000000008000a3e                USBD_LL_Transmit
 .text.USBD_LL_PrepareReceive
                0x0000000008000a84       0x46 ./Application/User/USB_DEVICE/Target/usbd_conf.o
                0x0000000008000a84                USBD_LL_PrepareReceive
 *fill*         0x0000000008000aca        0x2 
 .text.USBD_static_malloc
                0x0000000008000acc       0x18 ./Application/User/USB_DEVICE/Target/usbd_conf.o
                0x0000000008000acc                USBD_static_malloc
 .text.USBD_static_free
                0x0000000008000ae4       0x12 ./Application/User/USB_DEVICE/Target/usbd_conf.o
                0x0000000008000ae4                USBD_static_free
 .text.HAL_PCDEx_SetConnectionState
                0x0000000008000af6       0x16 ./Application/User/USB_DEVICE/Target/usbd_conf.o
                0x0000000008000af6                HAL_PCDEx_SetConnectionState
 .text.USBD_Get_USB_Status
                0x0000000008000b0c       0x58 ./Application/User/USB_DEVICE/Target/usbd_conf.o
 .text.SystemInit
                0x0000000008000b64        0xc ./Drivers/CMSIS/system_stm32f1xx.o
                0x0000000008000b64                SystemInit
 .text.HAL_Init
                0x0000000008000b70       0x2c ./Drivers/STM32F1xx_HAL_Driver/stm32f1xx_hal.o
                0x0000000008000b70                HAL_Init
 .text.HAL_InitTick
                0x0000000008000b9c       0x60 ./Drivers/STM32F1xx_HAL_Driver/stm32f1xx_hal.o
                0x0000000008000b9c                HAL_InitTick
 .text.HAL_IncTick
                0x0000000008000bfc       0x24 ./Drivers/STM32F1xx_HAL_Driver/stm32f1xx_hal.o
                0x0000000008000bfc                HAL_IncTick
 .text.HAL_GetTick
                0x0000000008000c20       0x14 ./Drivers/STM32F1xx_HAL_Driver/stm32f1xx_hal.o
                0x0000000008000c20                HAL_GetTick
 .text.__NVIC_SetPriorityGrouping
                0x0000000008000c34       0x48 ./Drivers/STM32F1xx_HAL_Driver/stm32f1xx_hal_cortex.o
 .text.__NVIC_GetPriorityGrouping
                0x0000000008000c7c       0x1c ./Drivers/STM32F1xx_HAL_Driver/stm32f1xx_hal_cortex.o
 .text.__NVIC_EnableIRQ
                0x0000000008000c98       0x38 ./Drivers/STM32F1xx_HAL_Driver/stm32f1xx_hal_cortex.o
 .text.__NVIC_SetPriority
                0x0000000008000cd0       0x54 ./Drivers/STM32F1xx_HAL_Driver/stm32f1xx_hal_cortex.o
 .text.NVIC_EncodePriority
                0x0000000008000d24       0x64 ./Drivers/STM32F1xx_HAL_Driver/stm32f1xx_hal_cortex.o
 .text.SysTick_Config
                0x0000000008000d88       0x44 ./Drivers/STM32F1xx_HAL_Driver/stm32f1xx_hal_cortex.o
 .text.HAL_NVIC_SetPriorityGrouping
                0x0000000008000dcc       0x16 ./Drivers/STM32F1xx_HAL_Driver/stm32f1xx_hal_cortex.o
                0x0000000008000dcc                HAL_NVIC_SetPriorityGrouping
 .text.HAL_NVIC_SetPriority
                0x0000000008000de2       0x38 ./Drivers/STM32F1xx_HAL_Driver/stm32f1xx_hal_cortex.o
                0x0000000008000de2                HAL_NVIC_SetPriority
 .text.HAL_NVIC_EnableIRQ
                0x0000000008000e1a       0x1c ./Drivers/STM32F1xx_HAL_Driver/stm32f1xx_hal_cortex.o
                0x0000000008000e1a                HAL_NVIC_EnableIRQ
 .text.HAL_SYSTICK_Config
                0x0000000008000e36       0x18 ./Drivers/STM32F1xx_HAL_Driver/stm32f1xx_hal_cortex.o
                0x0000000008000e36                HAL_SYSTICK_Config
 .text.HAL_PCD_Init
                0x0000000008000e4e      0x216 ./Drivers/STM32F1xx_HAL_Driver/stm32f1xx_hal_pcd.o
                0x0000000008000e4e                HAL_PCD_Init
 .text.HAL_PCD_Start
                0x0000000008001064       0x4c ./Drivers/STM32F1xx_HAL_Driver/stm32f1xx_hal_pcd.o
                0x0000000008001064                HAL_PCD_Start
 .text.HAL_PCD_IRQHandler
                0x00000000080010b0      0x2a6 ./Drivers/STM32F1xx_HAL_Driver/stm32f1xx_hal_pcd.o
                0x00000000080010b0                HAL_PCD_IRQHandler
 .text.HAL_PCD_SetAddress
                0x0000000008001356       0x4a ./Drivers/STM32F1xx_HAL_Driver/stm32f1xx_hal_pcd.o
                0x0000000008001356                HAL_PCD_SetAddress
 .text.HAL_PCD_EP_Open
                0x00000000080013a0       0xcc ./Drivers/STM32F1xx_HAL_Driver/stm32f1xx_hal_pcd.o
                0x00000000080013a0                HAL_PCD_EP_Open
 .text.HAL_PCD_EP_Close
                0x000000000800146c       0x90 ./Drivers/STM32F1xx_HAL_Driver/stm32f1xx_hal_pcd.o
                0x000000000800146c                HAL_PCD_EP_Close
 .text.HAL_PCD_EP_Receive
                0x00000000080014fc       0x7a ./Drivers/STM32F1xx_HAL_Driver/stm32f1xx_hal_pcd.o
                0x00000000080014fc                HAL_PCD_EP_Receive
 .text.HAL_PCD_EP_Transmit
                0x0000000008001576       0x86 ./Drivers/STM32F1xx_HAL_Driver/stm32f1xx_hal_pcd.o
                0x0000000008001576                HAL_PCD_EP_Transmit
 .text.HAL_PCD_EP_SetStall
                0x00000000080015fc       0xc0 ./Drivers/STM32F1xx_HAL_Driver/stm32f1xx_hal_pcd.o
                0x00000000080015fc                HAL_PCD_EP_SetStall
 .text.HAL_PCD_EP_ClrStall
                0x00000000080016bc       0xa8 ./Drivers/STM32F1xx_HAL_Driver/stm32f1xx_hal_pcd.o
                0x00000000080016bc                HAL_PCD_EP_ClrStall
 .text.PCD_EP_ISR_Handler
                0x0000000008001764      0x600 ./Drivers/STM32F1xx_HAL_Driver/stm32f1xx_hal_pcd.o
 .text.HAL_PCD_EP_DB_Receive
                0x0000000008001d64      0x21a ./Drivers/STM32F1xx_HAL_Driver/stm32f1xx_hal_pcd.o
 .text.HAL_PCD_EP_DB_Transmit
                0x0000000008001f7e      0x7a4 ./Drivers/STM32F1xx_HAL_Driver/stm32f1xx_hal_pcd.o
 .text.HAL_PCDEx_PMAConfig
                0x0000000008002722       0x84 ./Drivers/STM32F1xx_HAL_Driver/stm32f1xx_hal_pcd_ex.o
                0x0000000008002722                HAL_PCDEx_PMAConfig
 *fill*         0x00000000080027a6        0x2 
 .text.HAL_RCC_OscConfig
                0x00000000080027a8      0x504 ./Drivers/STM32F1xx_HAL_Driver/stm32f1xx_hal_rcc.o
                0x00000000080027a8                HAL_RCC_OscConfig
 .text.HAL_RCC_ClockConfig
                0x0000000008002cac      0x1d4 ./Drivers/STM32F1xx_HAL_Driver/stm32f1xx_hal_rcc.o
                0x0000000008002cac                HAL_RCC_ClockConfig
 .text.HAL_RCC_GetSysClockFreq
                0x0000000008002e80       0xbc ./Drivers/STM32F1xx_HAL_Driver/stm32f1xx_hal_rcc.o
                0x0000000008002e80                HAL_RCC_GetSysClockFreq
 .text.RCC_Delay
                0x0000000008002f3c       0x3c ./Drivers/STM32F1xx_HAL_Driver/stm32f1xx_hal_rcc.o
 .text.HAL_RCCEx_PeriphCLKConfig
                0x0000000008002f78      0x16c ./Drivers/STM32F1xx_HAL_Driver/stm32f1xx_hal_rcc_ex.o
                0x0000000008002f78                HAL_RCCEx_PeriphCLKConfig
 .text.USB_CoreInit
                0x00000000080030e4       0x20 ./Drivers/STM32F1xx_HAL_Driver/stm32f1xx_ll_usb.o
                0x00000000080030e4                USB_CoreInit
 .text.USB_EnableGlobalInt
                0x0000000008003104       0x2c ./Drivers/STM32F1xx_HAL_Driver/stm32f1xx_ll_usb.o
                0x0000000008003104                USB_EnableGlobalInt
 .text.USB_DisableGlobalInt
                0x0000000008003130       0x34 ./Drivers/STM32F1xx_HAL_Driver/stm32f1xx_ll_usb.o
                0x0000000008003130                USB_DisableGlobalInt
 .text.USB_SetCurrentMode
                0x0000000008003164       0x18 ./Drivers/STM32F1xx_HAL_Driver/stm32f1xx_ll_usb.o
                0x0000000008003164                USB_SetCurrentMode
 .text.USB_DevInit
                0x000000000800317c       0x40 ./Drivers/STM32F1xx_HAL_Driver/stm32f1xx_ll_usb.o
                0x000000000800317c                USB_DevInit
 .text.USB_ActivateEndpoint
                0x00000000080031bc      0x6d4 ./Drivers/STM32F1xx_HAL_Driver/stm32f1xx_ll_usb.o
                0x00000000080031bc                USB_ActivateEndpoint
 .text.USB_DeactivateEndpoint
                0x0000000008003890      0x3d8 ./Drivers/STM32F1xx_HAL_Driver/stm32f1xx_ll_usb.o
                0x0000000008003890                USB_DeactivateEndpoint
 .text.USB_EPStartXfer
                0x0000000008003c68     0x1c70 ./Drivers/STM32F1xx_HAL_Driver/stm32f1xx_ll_usb.o
                0x0000000008003c68                USB_EPStartXfer
 .text.USB_EPSetStall
                0x00000000080058d8       0xa0 ./Drivers/STM32F1xx_HAL_Driver/stm32f1xx_ll_usb.o
                0x00000000080058d8                USB_EPSetStall
 .text.USB_EPClearStall
                0x0000000008005978      0x15a ./Drivers/STM32F1xx_HAL_Driver/stm32f1xx_ll_usb.o
                0x0000000008005978                USB_EPClearStall
 .text.USB_SetDevAddress
                0x0000000008005ad2       0x26 ./Drivers/STM32F1xx_HAL_Driver/stm32f1xx_ll_usb.o
                0x0000000008005ad2                USB_SetDevAddress
 .text.USB_DevConnect
                0x0000000008005af8       0x14 ./Drivers/STM32F1xx_HAL_Driver/stm32f1xx_ll_usb.o
                0x0000000008005af8                USB_DevConnect
 .text.USB_DevDisconnect
                0x0000000008005b0c       0x14 ./Drivers/STM32F1xx_HAL_Driver/stm32f1xx_ll_usb.o
                0x0000000008005b0c                USB_DevDisconnect
 .text.USB_ReadInterrupts
                0x0000000008005b20       0x1e ./Drivers/STM32F1xx_HAL_Driver/stm32f1xx_ll_usb.o
                0x0000000008005b20                USB_ReadInterrupts
 .text.USB_EP0_OutStart
                0x0000000008005b3e       0x16 ./Drivers/STM32F1xx_HAL_Driver/stm32f1xx_ll_usb.o
                0x0000000008005b3e                USB_EP0_OutStart
 .text.USB_WritePMA
                0x0000000008005b54       0x8a ./Drivers/STM32F1xx_HAL_Driver/stm32f1xx_ll_usb.o
                0x0000000008005b54                USB_WritePMA
 .text.USB_ReadPMA
                0x0000000008005bde       0x9e ./Drivers/STM32F1xx_HAL_Driver/stm32f1xx_ll_usb.o
                0x0000000008005bde                USB_ReadPMA
 .text.USBD_Init
                0x0000000008005c7c       0x56 ./Middlewares/USB_Device_Library/usbd_core.o
                0x0000000008005c7c                USBD_Init
 .text.USBD_RegisterClass
                0x0000000008005cd2       0x32 ./Middlewares/USB_Device_Library/usbd_core.o
                0x0000000008005cd2                USBD_RegisterClass
 .text.USBD_Start
                0x0000000008005d04       0x18 ./Middlewares/USB_Device_Library/usbd_core.o
                0x0000000008005d04                USBD_Start
 .text.USBD_RunTestMode
                0x0000000008005d1c       0x14 ./Middlewares/USB_Device_Library/usbd_core.o
                0x0000000008005d1c                USBD_RunTestMode
 .text.USBD_SetClassConfig
                0x0000000008005d30       0x3e ./Middlewares/USB_Device_Library/usbd_core.o
                0x0000000008005d30                USBD_SetClassConfig
 .text.USBD_ClrClassConfig
                0x0000000008005d6e       0x26 ./Middlewares/USB_Device_Library/usbd_core.o
                0x0000000008005d6e                USBD_ClrClassConfig
 .text.USBD_LL_SetupStage
                0x0000000008005d94       0x9a ./Middlewares/USB_Device_Library/usbd_core.o
                0x0000000008005d94                USBD_LL_SetupStage
 .text.USBD_LL_DataOutStage
                0x0000000008005e2e       0xe2 ./Middlewares/USB_Device_Library/usbd_core.o
                0x0000000008005e2e                USBD_LL_DataOutStage
 .text.USBD_LL_DataInStage
                0x0000000008005f10      0x14a ./Middlewares/USB_Device_Library/usbd_core.o
                0x0000000008005f10                USBD_LL_DataInStage
 .text.USBD_LL_Reset
                0x000000000800605a       0x82 ./Middlewares/USB_Device_Library/usbd_core.o
                0x000000000800605a                USBD_LL_Reset
 .text.USBD_LL_SetSpeed
                0x00000000080060dc       0x1e ./Middlewares/USB_Device_Library/usbd_core.o
                0x00000000080060dc                USBD_LL_SetSpeed
 .text.USBD_LL_Suspend
                0x00000000080060fa       0x28 ./Middlewares/USB_Device_Library/usbd_core.o
                0x00000000080060fa                USBD_LL_Suspend
 .text.USBD_LL_Resume
                0x0000000008006122       0x2a ./Middlewares/USB_Device_Library/usbd_core.o
                0x0000000008006122                USBD_LL_Resume
 .text.USBD_LL_SOF
                0x000000000800614c       0x34 ./Middlewares/USB_Device_Library/usbd_core.o
                0x000000000800614c                USBD_LL_SOF
 .text.USBD_StdDevReq
                0x0000000008006180       0xd4 ./Middlewares/USB_Device_Library/usbd_ctlreq.o
                0x0000000008006180                USBD_StdDevReq
 .text.USBD_StdItfReq
                0x0000000008006254       0x90 ./Middlewares/USB_Device_Library/usbd_ctlreq.o
                0x0000000008006254                USBD_StdItfReq
 .text.USBD_StdEPReq
                0x00000000080062e4      0x2c6 ./Middlewares/USB_Device_Library/usbd_ctlreq.o
                0x00000000080062e4                USBD_StdEPReq
 *fill*         0x00000000080065aa        0x2 
 .text.USBD_GetDescriptor
                0x00000000080065ac      0x2d0 ./Middlewares/USB_Device_Library/usbd_ctlreq.o
 .text.USBD_SetAddress
                0x000000000800687c       0x86 ./Middlewares/USB_Device_Library/usbd_ctlreq.o
 *fill*         0x0000000008006902        0x2 
 .text.USBD_SetConfig
                0x0000000008006904      0x11c ./Middlewares/USB_Device_Library/usbd_ctlreq.o
 .text.USBD_GetConfig
                0x0000000008006a20       0x6a ./Middlewares/USB_Device_Library/usbd_ctlreq.o
 .text.USBD_GetStatus
                0x0000000008006a8a       0x66 ./Middlewares/USB_Device_Library/usbd_ctlreq.o
 .text.USBD_SetFeature
                0x0000000008006af0       0x28 ./Middlewares/USB_Device_Library/usbd_ctlreq.o
 .text.USBD_ClrFeature
                0x0000000008006b18       0x42 ./Middlewares/USB_Device_Library/usbd_ctlreq.o
 .text.USBD_ParseSetupRequest
                0x0000000008006b5a       0x78 ./Middlewares/USB_Device_Library/usbd_ctlreq.o
                0x0000000008006b5a                USBD_ParseSetupRequest
 .text.USBD_CtlError
                0x0000000008006bd2       0x22 ./Middlewares/USB_Device_Library/usbd_ctlreq.o
                0x0000000008006bd2                USBD_CtlError
 .text.USBD_GetString
                0x0000000008006bf4       0x84 ./Middlewares/USB_Device_Library/usbd_ctlreq.o
                0x0000000008006bf4                USBD_GetString
 .text.USBD_GetLen
                0x0000000008006c78       0x2e ./Middlewares/USB_Device_Library/usbd_ctlreq.o
 .text.USBD_CUSTOM_HID_Init
                0x0000000008006ca6       0x82 ./Middlewares/USB_Device_Library/usbd_customhid.o
 .text.USBD_CUSTOM_HID_DeInit
                0x0000000008006d28       0x5c ./Middlewares/USB_Device_Library/usbd_customhid.o
 .text.USBD_CUSTOM_HID_Setup
                0x0000000008006d84      0x200 ./Middlewares/USB_Device_Library/usbd_customhid.o
 .text.USBD_CUSTOM_HID_GetFSCfgDesc
                0x0000000008006f84       0x20 ./Middlewares/USB_Device_Library/usbd_customhid.o
 .text.USBD_CUSTOM_HID_GetHSCfgDesc
                0x0000000008006fa4       0x20 ./Middlewares/USB_Device_Library/usbd_customhid.o
 .text.USBD_CUSTOM_HID_GetOtherSpeedCfgDesc
                0x0000000008006fc4       0x20 ./Middlewares/USB_Device_Library/usbd_customhid.o
 .text.USBD_CUSTOM_HID_DataIn
                0x0000000008006fe4       0x22 ./Middlewares/USB_Device_Library/usbd_customhid.o
 .text.USBD_CUSTOM_HID_DataOut
                0x0000000008007006       0x3e ./Middlewares/USB_Device_Library/usbd_customhid.o
 .text.USBD_CUSTOM_HID_EP0_RxReady
                0x0000000008007044       0x3c ./Middlewares/USB_Device_Library/usbd_customhid.o
 .text.USBD_CUSTOM_HID_GetDeviceQualifierDesc
                0x0000000008007080       0x20 ./Middlewares/USB_Device_Library/usbd_customhid.o
 .text.USBD_CUSTOM_HID_RegisterInterface
                0x00000000080070a0       0x2c ./Middlewares/USB_Device_Library/usbd_customhid.o
                0x00000000080070a0                USBD_CUSTOM_HID_RegisterInterface
 .text.USBD_CtlSendData
                0x00000000080070cc       0x38 ./Middlewares/USB_Device_Library/usbd_ioreq.o
                0x00000000080070cc                USBD_CtlSendData
 .text.USBD_CtlContinueSendData
                0x0000000008007104       0x24 ./Middlewares/USB_Device_Library/usbd_ioreq.o
                0x0000000008007104                USBD_CtlContinueSendData
 .text.USBD_CtlPrepareRx
                0x0000000008007128       0x3c ./Middlewares/USB_Device_Library/usbd_ioreq.o
                0x0000000008007128                USBD_CtlPrepareRx
 .text.USBD_CtlContinueRx
                0x0000000008007164       0x24 ./Middlewares/USB_Device_Library/usbd_ioreq.o
                0x0000000008007164                USBD_CtlContinueRx
 .text.USBD_CtlSendStatus
                0x0000000008007188       0x26 ./Middlewares/USB_Device_Library/usbd_ioreq.o
                0x0000000008007188                USBD_CtlSendStatus
 .text.USBD_CtlReceiveStatus
                0x00000000080071ae       0x26 ./Middlewares/USB_Device_Library/usbd_ioreq.o
                0x00000000080071ae                USBD_CtlReceiveStatus
 .text.__libc_init_array
                0x00000000080071d4       0x48 c:/st/stm32cubeide_1.10.1/stm32cubeide/plugins/com.st.stm32cube.ide.mcu.externaltools.gnu-tools-for-stm32.10.3-2021.10.win32_1.0.200.202301161003/tools/bin/../lib/gcc/arm-none-eabi/10.3.1/../../../../arm-none-eabi/lib/thumb/v7-m/nofp\libc_nano.a(lib_a-init.o)
                0x00000000080071d4                __libc_init_array
 .text.memset   0x000000000800721c       0x10 c:/st/stm32cubeide_1.10.1/stm32cubeide/plugins/com.st.stm32cube.ide.mcu.externaltools.gnu-tools-for-stm32.10.3-2021.10.win32_1.0.200.202301161003/tools/bin/../lib/gcc/arm-none-eabi/10.3.1/../../../../arm-none-eabi/lib/thumb/v7-m/nofp\libc_nano.a(lib_a-memset.o)
                0x000000000800721c                memset
 *(.glue_7)
 .glue_7        0x000000000800722c        0x0 linker stubs
 *(.glue_7t)
 .glue_7t       0x000000000800722c        0x0 linker stubs
 *(.eh_frame)
 .eh_frame      0x000000000800722c        0x0 c:/st/stm32cubeide_1.10.1/stm32cubeide/plugins/com.st.stm32cube.ide.mcu.externaltools.gnu-tools-for-stm32.10.3-2021.10.win32_1.0.200.202301161003/tools/bin/../lib/gcc/arm-none-eabi/10.3.1/thumb/v7-m/nofp/crtbegin.o
 *(.init)
 .init          0x000000000800722c        0x4 c:/st/stm32cubeide_1.10.1/stm32cubeide/plugins/com.st.stm32cube.ide.mcu.externaltools.gnu-tools-for-stm32.10.3-2021.10.win32_1.0.200.202301161003/tools/bin/../lib/gcc/arm-none-eabi/10.3.1/thumb/v7-m/nofp/crti.o
                0x000000000800722c                _init
 .init          0x0000000008007230        0x8 c:/st/stm32cubeide_1.10.1/stm32cubeide/plugins/com.st.stm32cube.ide.mcu.externaltools.gnu-tools-for-stm32.10.3-2021.10.win32_1.0.200.202301161003/tools/bin/../lib/gcc/arm-none-eabi/10.3.1/thumb/v7-m/nofp/crtn.o
 *(.fini)
 .fini          0x0000000008007238        0x4 c:/st/stm32cubeide_1.10.1/stm32cubeide/plugins/com.st.stm32cube.ide.mcu.externaltools.gnu-tools-for-stm32.10.3-2021.10.win32_1.0.200.202301161003/tools/bin/../lib/gcc/arm-none-eabi/10.3.1/thumb/v7-m/nofp/crti.o
                0x0000000008007238                _fini
 .fini          0x000000000800723c        0x8 c:/st/stm32cubeide_1.10.1/stm32cubeide/plugins/com.st.stm32cube.ide.mcu.externaltools.gnu-tools-for-stm32.10.3-2021.10.win32_1.0.200.202301161003/tools/bin/../lib/gcc/arm-none-eabi/10.3.1/thumb/v7-m/nofp/crtn.o
                0x0000000008007244                . = ALIGN (0x4)
                0x0000000008007244                _etext = .

.vfp11_veneer   0x0000000008007244        0x0
 .vfp11_veneer  0x0000000008007244        0x0 linker stubs

.v4_bx          0x0000000008007244        0x0
 .v4_bx         0x0000000008007244        0x0 linker stubs

.iplt           0x0000000008007244        0x0
 .iplt          0x0000000008007244        0x0 c:/st/stm32cubeide_1.10.1/stm32cubeide/plugins/com.st.stm32cube.ide.mcu.externaltools.gnu-tools-for-stm32.10.3-2021.10.win32_1.0.200.202301161003/tools/bin/../lib/gcc/arm-none-eabi/10.3.1/thumb/v7-m/nofp/crtbegin.o

.rodata         0x0000000008007244       0x80
                0x0000000008007244                . = ALIGN (0x4)
 *(.rodata)
 .rodata        0x0000000008007244       0x5d ./Application/User/USB_DEVICE/App/usbd_desc.o
 *fill*         0x00000000080072a1        0x3 
 .rodata        0x00000000080072a4       0x10 ./Drivers/STM32F1xx_HAL_Driver/stm32f1xx_hal_rcc.o
 *(.rodata*)
 .rodata.AHBPrescTable
                0x00000000080072b4       0x10 ./Drivers/CMSIS/system_stm32f1xx.o
                0x00000000080072b4                AHBPrescTable
                0x00000000080072c4                . = ALIGN (0x4)

.rel.dyn        0x00000000080072c4        0x0
 .rel.iplt      0x00000000080072c4        0x0 c:/st/stm32cubeide_1.10.1/stm32cubeide/plugins/com.st.stm32cube.ide.mcu.externaltools.gnu-tools-for-stm32.10.3-2021.10.win32_1.0.200.202301161003/tools/bin/../lib/gcc/arm-none-eabi/10.3.1/thumb/v7-m/nofp/crtbegin.o

.ARM.extab      0x00000000080072c4        0x0
                0x00000000080072c4                . = ALIGN (0x4)
 *(.ARM.extab* .gnu.linkonce.armextab.*)
                0x00000000080072c4                . = ALIGN (0x4)

.ARM            0x00000000080072c4        0x0
                0x00000000080072c4                . = ALIGN (0x4)
                0x00000000080072c4                __exidx_start = .
 *(.ARM.exidx*)
                0x00000000080072c4                __exidx_end = .
                0x00000000080072c4                . = ALIGN (0x4)

.preinit_array  0x00000000080072c4        0x0
                0x00000000080072c4                . = ALIGN (0x4)
                0x00000000080072c4                PROVIDE (__preinit_array_start = .)
 *(.preinit_array*)
                0x00000000080072c4                PROVIDE (__preinit_array_end = .)
                0x00000000080072c4                . = ALIGN (0x4)

.init_array     0x00000000080072c4        0x4
                0x00000000080072c4                . = ALIGN (0x4)
                0x00000000080072c4                PROVIDE (__init_array_start = .)
 *(SORT_BY_NAME(.init_array.*))
 *(.init_array*)
 .init_array    0x00000000080072c4        0x4 c:/st/stm32cubeide_1.10.1/stm32cubeide/plugins/com.st.stm32cube.ide.mcu.externaltools.gnu-tools-for-stm32.10.3-2021.10.win32_1.0.200.202301161003/tools/bin/../lib/gcc/arm-none-eabi/10.3.1/thumb/v7-m/nofp/crtbegin.o
                0x00000000080072c8                PROVIDE (__init_array_end = .)
                0x00000000080072c8                . = ALIGN (0x4)

.fini_array     0x00000000080072c8        0x4
                0x00000000080072c8                . = ALIGN (0x4)
                [!provide]                        PROVIDE (__fini_array_start = .)
 *(SORT_BY_NAME(.fini_array.*))
 *(.fini_array*)
 .fini_array    0x00000000080072c8        0x4 c:/st/stm32cubeide_1.10.1/stm32cubeide/plugins/com.st.stm32cube.ide.mcu.externaltools.gnu-tools-for-stm32.10.3-2021.10.win32_1.0.200.202301161003/tools/bin/../lib/gcc/arm-none-eabi/10.3.1/thumb/v7-m/nofp/crtbegin.o
                [!provide]                        PROVIDE (__fini_array_end = .)
                0x00000000080072cc                . = ALIGN (0x4)
                0x00000000080072cc                _sidata = LOADADDR (.data)

.data           0x0000000020000000      0x144 load address 0x00000000080072cc
                0x0000000020000000                . = ALIGN (0x4)
                0x0000000020000000                _sdata = .
 *(.data)
 *(.data*)
 .data.CUSTOM_HID_ReportDesc_FS
                0x0000000020000000        0x2 ./Application/User/USB_DEVICE/App/usbd_custom_hid_if.o
 *fill*         0x0000000020000002        0x2 
 .data.USBD_CustomHID_fops_FS
                0x0000000020000004       0x10 ./Application/User/USB_DEVICE/App/usbd_custom_hid_if.o
                0x0000000020000004                USBD_CustomHID_fops_FS
 .data.FS_Desc  0x0000000020000014       0x1c ./Application/User/USB_DEVICE/App/usbd_desc.o
                0x0000000020000014                FS_Desc
 .data.USBD_FS_DeviceDesc
                0x0000000020000030       0x12 ./Application/User/USB_DEVICE/App/usbd_desc.o
                0x0000000020000030                USBD_FS_DeviceDesc
 *fill*         0x0000000020000042        0x2 
 .data.USBD_LangIDDesc
                0x0000000020000044        0x4 ./Application/User/USB_DEVICE/App/usbd_desc.o
                0x0000000020000044                USBD_LangIDDesc
 .data.USBD_StringSerial
                0x0000000020000048       0x1a ./Application/User/USB_DEVICE/App/usbd_desc.o
                0x0000000020000048                USBD_StringSerial
 *fill*         0x0000000020000062        0x2 
 .data.SystemCoreClock
                0x0000000020000064        0x4 ./Drivers/CMSIS/system_stm32f1xx.o
                0x0000000020000064                SystemCoreClock
 .data.uwTickPrio
                0x0000000020000068        0x4 ./Drivers/STM32F1xx_HAL_Driver/stm32f1xx_hal.o
                0x0000000020000068                uwTickPrio
 .data.uwTickFreq
                0x000000002000006c        0x1 ./Drivers/STM32F1xx_HAL_Driver/stm32f1xx_hal.o
                0x000000002000006c                uwTickFreq
 *fill*         0x000000002000006d        0x3 
 .data.USBD_CUSTOM_HID
                0x0000000020000070       0x38 ./Middlewares/USB_Device_Library/usbd_customhid.o
                0x0000000020000070                USBD_CUSTOM_HID
 .data.USBD_CUSTOM_HID_CfgFSDesc
                0x00000000200000a8       0x29 ./Middlewares/USB_Device_Library/usbd_customhid.o
 *fill*         0x00000000200000d1        0x3 
 .data.USBD_CUSTOM_HID_CfgHSDesc
                0x00000000200000d4       0x29 ./Middlewares/USB_Device_Library/usbd_customhid.o
 *fill*         0x00000000200000fd        0x3 
 .data.USBD_CUSTOM_HID_OtherSpeedCfgDesc
                0x0000000020000100       0x29 ./Middlewares/USB_Device_Library/usbd_customhid.o
 *fill*         0x0000000020000129        0x3 
 .data.USBD_CUSTOM_HID_Desc
                0x000000002000012c        0x9 ./Middlewares/USB_Device_Library/usbd_customhid.o
 *fill*         0x0000000020000135        0x3 
 .data.USBD_CUSTOM_HID_DeviceQualifierDesc
                0x0000000020000138        0xa ./Middlewares/USB_Device_Library/usbd_customhid.o
 *(.RamFunc)
 *(.RamFunc*)
                0x0000000020000144                . = ALIGN (0x4)
 *fill*         0x0000000020000142        0x2 
                0x0000000020000144                _edata = .

.igot.plt       0x0000000020000144        0x0 load address 0x0000000008007410
 .igot.plt      0x0000000020000144        0x0 c:/st/stm32cubeide_1.10.1/stm32cubeide/plugins/com.st.stm32cube.ide.mcu.externaltools.gnu-tools-for-stm32.10.3-2021.10.win32_1.0.200.202301161003/tools/bin/../lib/gcc/arm-none-eabi/10.3.1/thumb/v7-m/nofp/crtbegin.o
                0x0000000020000144                . = ALIGN (0x4)

.bss            0x0000000020000144      0x7f0 load address 0x0000000008007410
                0x0000000020000144                _sbss = .
                0x0000000020000144                __bss_start__ = _sbss
 *(.bss)
 .bss           0x0000000020000144       0x1c c:/st/stm32cubeide_1.10.1/stm32cubeide/plugins/com.st.stm32cube.ide.mcu.externaltools.gnu-tools-for-stm32.10.3-2021.10.win32_1.0.200.202301161003/tools/bin/../lib/gcc/arm-none-eabi/10.3.1/thumb/v7-m/nofp/crtbegin.o
 *(.bss*)
 .bss.hUsbDeviceFS
                0x0000000020000160      0x2c4 ./Application/User/USB_DEVICE/App/usb_device.o
                0x0000000020000160                hUsbDeviceFS
 .bss.USBD_StrDesc
                0x0000000020000424      0x200 ./Application/User/USB_DEVICE/App/usbd_desc.o
                0x0000000020000424                USBD_StrDesc
 .bss.hpcd_USB_FS
                0x0000000020000624      0x2ec ./Application/User/USB_DEVICE/Target/usbd_conf.o
                0x0000000020000624                hpcd_USB_FS
 .bss.mem.0     0x0000000020000910       0x1c ./Application/User/USB_DEVICE/Target/usbd_conf.o
 .bss.uwTick    0x000000002000092c        0x4 ./Drivers/STM32F1xx_HAL_Driver/stm32f1xx_hal.o
                0x000000002000092c                uwTick
 .bss.cfgidx.0  0x0000000020000930        0x1 ./Middlewares/USB_Device_Library/usbd_ctlreq.o
 *(COMMON)
                0x0000000020000934                . = ALIGN (0x4)
 *fill*         0x0000000020000931        0x3 
                0x0000000020000934                _ebss = .
                0x0000000020000934                __bss_end__ = _ebss

._user_heap_stack
                0x0000000020000934      0x604 load address 0x0000000008007410
                0x0000000020000938                . = ALIGN (0x8)
 *fill*         0x0000000020000934        0x4 
                [!provide]                        PROVIDE (end = .)
                0x0000000020000938                PROVIDE (_end = .)
                0x0000000020000b38                . = (. + _Min_Heap_Size)
 *fill*         0x0000000020000938      0x200 
                0x0000000020000f38                . = (. + _Min_Stack_Size)
 *fill*         0x0000000020000b38      0x400 
                0x0000000020000f38                . = ALIGN (0x8)

/DISCARD/
 libc.a(*)
 libm.a(*)
 libgcc.a(*)

.ARM.attributes
                0x0000000000000000       0x29
 *(.ARM.attributes)
 .ARM.attributes
                0x0000000000000000       0x1d c:/st/stm32cubeide_1.10.1/stm32cubeide/plugins/com.st.stm32cube.ide.mcu.externaltools.gnu-tools-for-stm32.10.3-2021.10.win32_1.0.200.202301161003/tools/bin/../lib/gcc/arm-none-eabi/10.3.1/thumb/v7-m/nofp/crti.o
 .ARM.attributes
                0x000000000000001d       0x2d c:/st/stm32cubeide_1.10.1/stm32cubeide/plugins/com.st.stm32cube.ide.mcu.externaltools.gnu-tools-for-stm32.10.3-2021.10.win32_1.0.200.202301161003/tools/bin/../lib/gcc/arm-none-eabi/10.3.1/thumb/v7-m/nofp/crtbegin.o
 .ARM.attributes
                0x000000000000004a       0x2d ./Application/User/Core/main.o
 .ARM.attributes
                0x0000000000000077       0x2d ./Application/User/Core/stm32f1xx_hal_msp.o
 .ARM.attributes
                0x00000000000000a4       0x2d ./Application/User/Core/stm32f1xx_it.o
 .ARM.attributes
                0x00000000000000d1       0x21 ./Application/User/Startup/startup_stm32f103c8tx.o
 .ARM.attributes
                0x00000000000000f2       0x2d ./Application/User/USB_DEVICE/App/usb_device.o
 .ARM.attributes
                0x000000000000011f       0x2d ./Application/User/USB_DEVICE/App/usbd_custom_hid_if.o
 .ARM.attributes
                0x000000000000014c       0x2d ./Application/User/USB_DEVICE/App/usbd_desc.o
 .ARM.attributes
                0x0000000000000179       0x2d ./Application/User/USB_DEVICE/Target/usbd_conf.o
 .ARM.attributes
                0x00000000000001a6       0x2d ./Drivers/CMSIS/system_stm32f1xx.o
 .ARM.attributes
                0x00000000000001d3       0x2d ./Drivers/STM32F1xx_HAL_Driver/stm32f1xx_hal.o
 .ARM.attributes
                0x0000000000000200       0x2d ./Drivers/STM32F1xx_HAL_Driver/stm32f1xx_hal_cortex.o
 .ARM.attributes
                0x000000000000022d       0x2d ./Drivers/STM32F1xx_HAL_Driver/stm32f1xx_hal_pcd.o
 .ARM.attributes
                0x000000000000025a       0x2d ./Drivers/STM32F1xx_HAL_Driver/stm32f1xx_hal_pcd_ex.o
 .ARM.attributes
                0x0000000000000287       0x2d ./Drivers/STM32F1xx_HAL_Driver/stm32f1xx_hal_rcc.o
 .ARM.attributes
                0x00000000000002b4       0x2d ./Drivers/STM32F1xx_HAL_Driver/stm32f1xx_hal_rcc_ex.o
 .ARM.attributes
                0x00000000000002e1       0x2d ./Drivers/STM32F1xx_HAL_Driver/stm32f1xx_ll_usb.o
 .ARM.attributes
                0x000000000000030e       0x2d ./Middlewares/USB_Device_Library/usbd_core.o
 .ARM.attributes
                0x000000000000033b       0x2d ./Middlewares/USB_Device_Library/usbd_ctlreq.o
 .ARM.attributes
                0x0000000000000368       0x2d ./Middlewares/USB_Device_Library/usbd_customhid.o
 .ARM.attributes
                0x0000000000000395       0x2d ./Middlewares/USB_Device_Library/usbd_ioreq.o
 .ARM.attributes
                0x00000000000003c2       0x2d c:/st/stm32cubeide_1.10.1/stm32cubeide/plugins/com.st.stm32cube.ide.mcu.externaltools.gnu-tools-for-stm32.10.3-2021.10.win32_1.0.200.202301161003/tools/bin/../lib/gcc/arm-none-eabi/10.3.1/../../../../arm-none-eabi/lib/thumb/v7-m/nofp\libc_nano.a(lib_a-init.o)
 .ARM.attributes
                0x00000000000003ef       0x2d c:/st/stm32cubeide_1.10.1/stm32cubeide/plugins/com.st.stm32cube.ide.mcu.externaltools.gnu-tools-for-stm32.10.3-2021.10.win32_1.0.200.202301161003/tools/bin/../lib/gcc/arm-none-eabi/10.3.1/../../../../arm-none-eabi/lib/thumb/v7-m/nofp\libc_nano.a(lib_a-memset.o)
 .ARM.attributes
                0x000000000000041c       0x1d c:/st/stm32cubeide_1.10.1/stm32cubeide/plugins/com.st.stm32cube.ide.mcu.externaltools.gnu-tools-for-stm32.10.3-2021.10.win32_1.0.200.202301161003/tools/bin/../lib/gcc/arm-none-eabi/10.3.1/thumb/v7-m/nofp/crtn.o
OUTPUT(stm_joy.elf elf32-littlearm)
LOAD linker stubs
LOAD c:/st/stm32cubeide_1.10.1/stm32cubeide/plugins/com.st.stm32cube.ide.mcu.externaltools.gnu-tools-for-stm32.10.3-2021.10.win32_1.0.200.202301161003/tools/bin/../lib/gcc/arm-none-eabi/10.3.1/../../../../arm-none-eabi/lib/thumb/v7-m/nofp\libc.a
LOAD c:/st/stm32cubeide_1.10.1/stm32cubeide/plugins/com.st.stm32cube.ide.mcu.externaltools.gnu-tools-for-stm32.10.3-2021.10.win32_1.0.200.202301161003/tools/bin/../lib/gcc/arm-none-eabi/10.3.1/../../../../arm-none-eabi/lib/thumb/v7-m/nofp\libm.a
LOAD c:/st/stm32cubeide_1.10.1/stm32cubeide/plugins/com.st.stm32cube.ide.mcu.externaltools.gnu-tools-for-stm32.10.3-2021.10.win32_1.0.200.202301161003/tools/bin/../lib/gcc/arm-none-eabi/10.3.1/thumb/v7-m/nofp\libgcc.a

.debug_info     0x0000000000000000     0xb16d
 .debug_info    0x0000000000000000      0x43c ./Application/User/Core/main.o
 .debug_info    0x000000000000043c      0x210 ./Application/User/Core/stm32f1xx_hal_msp.o
 .debug_info    0x000000000000064c      0x661 ./Application/User/Core/stm32f1xx_it.o
 .debug_info    0x0000000000000cad       0x22 ./Application/User/Startup/startup_stm32f103c8tx.o
 .debug_info    0x0000000000000ccf      0x654 ./Application/User/USB_DEVICE/App/usb_device.o
 .debug_info    0x0000000000001323      0x1ea ./Application/User/USB_DEVICE/App/usbd_custom_hid_if.o
 .debug_info    0x000000000000150d      0x484 ./Application/User/USB_DEVICE/App/usbd_desc.o
 .debug_info    0x0000000000001991     0x1935 ./Application/User/USB_DEVICE/Target/usbd_conf.o
 .debug_info    0x00000000000032c6      0x23d ./Drivers/CMSIS/system_stm32f1xx.o
 .debug_info    0x0000000000003503      0x734 ./Drivers/STM32F1xx_HAL_Driver/stm32f1xx_hal.o
 .debug_info    0x0000000000003c37      0xb20 ./Drivers/STM32F1xx_HAL_Driver/stm32f1xx_hal_cortex.o
 .debug_info    0x0000000000004757     0x16ab ./Drivers/STM32F1xx_HAL_Driver/stm32f1xx_hal_pcd.o
 .debug_info    0x0000000000005e02      0x728 ./Drivers/STM32F1xx_HAL_Driver/stm32f1xx_hal_pcd_ex.o
 .debug_info    0x000000000000652a      0x860 ./Drivers/STM32F1xx_HAL_Driver/stm32f1xx_hal_rcc.o
 .debug_info    0x0000000000006d8a      0x3e0 ./Drivers/STM32F1xx_HAL_Driver/stm32f1xx_hal_rcc_ex.o
 .debug_info    0x000000000000716a     0x190d ./Drivers/STM32F1xx_HAL_Driver/stm32f1xx_ll_usb.o
 .debug_info    0x0000000000008a77      0xb02 ./Middlewares/USB_Device_Library/usbd_core.o
 .debug_info    0x0000000000009579      0x9b6 ./Middlewares/USB_Device_Library/usbd_ctlreq.o
 .debug_info    0x0000000000009f2f      0xb29 ./Middlewares/USB_Device_Library/usbd_customhid.o
 .debug_info    0x000000000000aa58      0x715 ./Middlewares/USB_Device_Library/usbd_ioreq.o

.debug_abbrev   0x0000000000000000     0x24a3
 .debug_abbrev  0x0000000000000000      0x1c3 ./Application/User/Core/main.o
 .debug_abbrev  0x00000000000001c3       0xd4 ./Application/User/Core/stm32f1xx_hal_msp.o
 .debug_abbrev  0x0000000000000297      0x188 ./Application/User/Core/stm32f1xx_it.o
 .debug_abbrev  0x000000000000041f       0x12 ./Application/User/Startup/startup_stm32f103c8tx.o
 .debug_abbrev  0x0000000000000431      0x183 ./Application/User/USB_DEVICE/App/usb_device.o
 .debug_abbrev  0x00000000000005b4      0x12d ./Application/User/USB_DEVICE/App/usbd_custom_hid_if.o
 .debug_abbrev  0x00000000000006e1      0x1fa ./Application/User/USB_DEVICE/App/usbd_desc.o
 .debug_abbrev  0x00000000000008db      0x305 ./Application/User/USB_DEVICE/Target/usbd_conf.o
 .debug_abbrev  0x0000000000000be0      0x13b ./Drivers/CMSIS/system_stm32f1xx.o
 .debug_abbrev  0x0000000000000d1b      0x1fb ./Drivers/STM32F1xx_HAL_Driver/stm32f1xx_hal.o
 .debug_abbrev  0x0000000000000f16      0x2ed ./Drivers/STM32F1xx_HAL_Driver/stm32f1xx_hal_cortex.o
 .debug_abbrev  0x0000000000001203      0x2b9 ./Drivers/STM32F1xx_HAL_Driver/stm32f1xx_hal_pcd.o
 .debug_abbrev  0x00000000000014bc      0x17f ./Drivers/STM32F1xx_HAL_Driver/stm32f1xx_hal_pcd_ex.o
 .debug_abbrev  0x000000000000163b      0x2a8 ./Drivers/STM32F1xx_HAL_Driver/stm32f1xx_hal_rcc.o
 .debug_abbrev  0x00000000000018e3      0x182 ./Drivers/STM32F1xx_HAL_Driver/stm32f1xx_hal_rcc_ex.o
 .debug_abbrev  0x0000000000001a65      0x1cd ./Drivers/STM32F1xx_HAL_Driver/stm32f1xx_ll_usb.o
 .debug_abbrev  0x0000000000001c32      0x236 ./Middlewares/USB_Device_Library/usbd_core.o
 .debug_abbrev  0x0000000000001e68      0x257 ./Middlewares/USB_Device_Library/usbd_ctlreq.o
 .debug_abbrev  0x00000000000020bf      0x261 ./Middlewares/USB_Device_Library/usbd_customhid.o
 .debug_abbrev  0x0000000000002320      0x183 ./Middlewares/USB_Device_Library/usbd_ioreq.o

.debug_aranges  0x0000000000000000      0x9e0
 .debug_aranges
                0x0000000000000000       0x38 ./Application/User/Core/main.o
 .debug_aranges
                0x0000000000000038       0x20 ./Application/User/Core/stm32f1xx_hal_msp.o
 .debug_aranges
                0x0000000000000058       0x68 ./Application/User/Core/stm32f1xx_it.o
 .debug_aranges
                0x00000000000000c0       0x28 ./Application/User/Startup/startup_stm32f103c8tx.o
 .debug_aranges
                0x00000000000000e8       0x20 ./Application/User/USB_DEVICE/App/usb_device.o
 .debug_aranges
                0x0000000000000108       0x30 ./Application/User/USB_DEVICE/App/usbd_custom_hid_if.o
 .debug_aranges
                0x0000000000000138       0x60 ./Application/User/USB_DEVICE/App/usbd_desc.o
 .debug_aranges
                0x0000000000000198      0x118 ./Application/User/USB_DEVICE/Target/usbd_conf.o
 .debug_aranges
                0x00000000000002b0       0x28 ./Drivers/CMSIS/system_stm32f1xx.o
 .debug_aranges
                0x00000000000002d8       0xe0 ./Drivers/STM32F1xx_HAL_Driver/stm32f1xx_hal.o
 .debug_aranges
                0x00000000000003b8      0x100 ./Drivers/STM32F1xx_HAL_Driver/stm32f1xx_hal_cortex.o
 .debug_aranges
                0x00000000000004b8      0x138 ./Drivers/STM32F1xx_HAL_Driver/stm32f1xx_hal_pcd.o
 .debug_aranges
                0x00000000000005f0       0x38 ./Drivers/STM32F1xx_HAL_Driver/stm32f1xx_hal_pcd_ex.o
 .debug_aranges
                0x0000000000000628       0x90 ./Drivers/STM32F1xx_HAL_Driver/stm32f1xx_hal_rcc.o
 .debug_aranges
                0x00000000000006b8       0x30 ./Drivers/STM32F1xx_HAL_Driver/stm32f1xx_hal_rcc_ex.o
 .debug_aranges
                0x00000000000006e8       0xf0 ./Drivers/STM32F1xx_HAL_Driver/stm32f1xx_ll_usb.o
 .debug_aranges
                0x00000000000007d8       0xb8 ./Middlewares/USB_Device_Library/usbd_core.o
 .debug_aranges
                0x0000000000000890       0x88 ./Middlewares/USB_Device_Library/usbd_ctlreq.o
 .debug_aranges
                0x0000000000000918       0x78 ./Middlewares/USB_Device_Library/usbd_customhid.o
 .debug_aranges
                0x0000000000000990       0x50 ./Middlewares/USB_Device_Library/usbd_ioreq.o

.debug_ranges   0x0000000000000000      0x8a8
 .debug_ranges  0x0000000000000000       0x28 ./Application/User/Core/main.o
 .debug_ranges  0x0000000000000028       0x10 ./Application/User/Core/stm32f1xx_hal_msp.o
 .debug_ranges  0x0000000000000038       0x58 ./Application/User/Core/stm32f1xx_it.o
 .debug_ranges  0x0000000000000090       0x20 ./Application/User/Startup/startup_stm32f103c8tx.o
 .debug_ranges  0x00000000000000b0       0x10 ./Application/User/USB_DEVICE/App/usb_device.o
 .debug_ranges  0x00000000000000c0       0x20 ./Application/User/USB_DEVICE/App/usbd_custom_hid_if.o
 .debug_ranges  0x00000000000000e0       0x50 ./Application/User/USB_DEVICE/App/usbd_desc.o
 .debug_ranges  0x0000000000000130      0x108 ./Application/User/USB_DEVICE/Target/usbd_conf.o
 .debug_ranges  0x0000000000000238       0x18 ./Drivers/CMSIS/system_stm32f1xx.o
 .debug_ranges  0x0000000000000250       0xd0 ./Drivers/STM32F1xx_HAL_Driver/stm32f1xx_hal.o
 .debug_ranges  0x0000000000000320       0xf0 ./Drivers/STM32F1xx_HAL_Driver/stm32f1xx_hal_cortex.o
 .debug_ranges  0x0000000000000410      0x128 ./Drivers/STM32F1xx_HAL_Driver/stm32f1xx_hal_pcd.o
 .debug_ranges  0x0000000000000538       0x28 ./Drivers/STM32F1xx_HAL_Driver/stm32f1xx_hal_pcd_ex.o
 .debug_ranges  0x0000000000000560       0x80 ./Drivers/STM32F1xx_HAL_Driver/stm32f1xx_hal_rcc.o
 .debug_ranges  0x00000000000005e0       0x20 ./Drivers/STM32F1xx_HAL_Driver/stm32f1xx_hal_rcc_ex.o
 .debug_ranges  0x0000000000000600       0xe0 ./Drivers/STM32F1xx_HAL_Driver/stm32f1xx_ll_usb.o
 .debug_ranges  0x00000000000006e0       0xa8 ./Middlewares/USB_Device_Library/usbd_core.o
 .debug_ranges  0x0000000000000788       0x78 ./Middlewares/USB_Device_Library/usbd_ctlreq.o
 .debug_ranges  0x0000000000000800       0x68 ./Middlewares/USB_Device_Library/usbd_customhid.o
 .debug_ranges  0x0000000000000868       0x40 ./Middlewares/USB_Device_Library/usbd_ioreq.o

.debug_macro    0x0000000000000000    0x19326
 .debug_macro   0x0000000000000000      0x39d ./Application/User/Core/main.o
 .debug_macro   0x000000000000039d      0xa6c ./Application/User/Core/main.o
 .debug_macro   0x0000000000000e09      0x215 ./Application/User/Core/main.o
 .debug_macro   0x000000000000101e       0x2e ./Application/User/Core/main.o
 .debug_macro   0x000000000000104c       0x22 ./Application/User/Core/main.o
 .debug_macro   0x000000000000106e       0x22 ./Application/User/Core/main.o
 .debug_macro   0x0000000000001090       0x8e ./Application/User/Core/main.o
 .debug_macro   0x000000000000111e       0x51 ./Application/User/Core/main.o
 .debug_macro   0x000000000000116f      0x103 ./Application/User/Core/main.o
 .debug_macro   0x0000000000001272       0x6a ./Application/User/Core/main.o
 .debug_macro   0x00000000000012dc      0x1df ./Application/User/Core/main.o
 .debug_macro   0x00000000000014bb       0x1c ./Application/User/Core/main.o
 .debug_macro   0x00000000000014d7       0x22 ./Application/User/Core/main.o
 .debug_macro   0x00000000000014f9       0xbd ./Application/User/Core/main.o
 .debug_macro   0x00000000000015b6      0xd23 ./Application/User/Core/main.o
 .debug_macro   0x00000000000022d9     0xe09e ./Application/User/Core/main.o
 .debug_macro   0x0000000000010377       0x6d ./Application/User/Core/main.o
 .debug_macro   0x00000000000103e4     0x3468 ./Application/User/Core/main.o
 .debug_macro   0x000000000001384c      0x174 ./Application/User/Core/main.o
 .debug_macro   0x00000000000139c0       0x5c ./Application/User/Core/main.o
 .debug_macro   0x0000000000013a1c      0x5be ./Application/User/Core/main.o
 .debug_macro   0x0000000000013fda      0x289 ./Application/User/Core/main.o
 .debug_macro   0x0000000000014263      0x1cb ./Application/User/Core/main.o
 .debug_macro   0x000000000001442e      0x114 ./Application/User/Core/main.o
 .debug_macro   0x0000000000014542      0x1b2 ./Application/User/Core/main.o
 .debug_macro   0x00000000000146f4       0x27 ./Application/User/Core/main.o
 .debug_macro   0x000000000001471b      0x136 ./Application/User/Core/main.o
 .debug_macro   0x0000000000014851      0x1bc ./Application/User/Core/main.o
 .debug_macro   0x0000000000014a0d       0x34 ./Application/User/Core/main.o
 .debug_macro   0x0000000000014a41       0x3c ./Application/User/Core/main.o
 .debug_macro   0x0000000000014a7d       0x57 ./Application/User/Core/main.o
 .debug_macro   0x0000000000014ad4       0x88 ./Application/User/Core/main.o
 .debug_macro   0x0000000000014b5c      0x241 ./Application/User/Core/main.o
 .debug_macro   0x0000000000014d9d      0x141 ./Application/User/Core/main.o
 .debug_macro   0x0000000000014ede       0x65 ./Application/User/Core/main.o
 .debug_macro   0x0000000000014f43      0x249 ./Application/User/Core/main.o
 .debug_macro   0x000000000001518c       0x83 ./Application/User/Core/main.o
 .debug_macro   0x000000000001520f       0x52 ./Application/User/Core/main.o
 .debug_macro   0x0000000000015261       0x18 ./Application/User/Core/main.o
 .debug_macro   0x0000000000015279       0x3c ./Application/User/Core/main.o
 .debug_macro   0x00000000000152b5       0x34 ./Application/User/Core/main.o
 .debug_macro   0x00000000000152e9       0x16 ./Application/User/Core/main.o
 .debug_macro   0x00000000000152ff       0x35 ./Application/User/Core/main.o
 .debug_macro   0x0000000000015334      0x341 ./Application/User/Core/main.o
 .debug_macro   0x0000000000015675       0x10 ./Application/User/Core/main.o
 .debug_macro   0x0000000000015685       0x16 ./Application/User/Core/main.o
 .debug_macro   0x000000000001569b       0x43 ./Application/User/Core/main.o
 .debug_macro   0x00000000000156de       0x34 ./Application/User/Core/main.o
 .debug_macro   0x0000000000015712       0x10 ./Application/User/Core/main.o
 .debug_macro   0x0000000000015722       0x58 ./Application/User/Core/main.o
 .debug_macro   0x000000000001577a       0x71 ./Application/User/Core/main.o
 .debug_macro   0x00000000000157eb       0x1c ./Application/User/Core/main.o
 .debug_macro   0x0000000000015807      0x12a ./Application/User/Core/main.o
 .debug_macro   0x0000000000015931       0x10 ./Application/User/Core/main.o
 .debug_macro   0x0000000000015941       0x1c ./Application/User/Core/main.o
 .debug_macro   0x000000000001595d       0x52 ./Application/User/Core/main.o
 .debug_macro   0x00000000000159af       0x22 ./Application/User/Core/main.o
 .debug_macro   0x00000000000159d1       0x10 ./Application/User/Core/main.o
 .debug_macro   0x00000000000159e1       0x52 ./Application/User/Core/main.o
 .debug_macro   0x0000000000015a33       0xd5 ./Application/User/Core/main.o
 .debug_macro   0x0000000000015b08       0x1c ./Application/User/Core/main.o
 .debug_macro   0x0000000000015b24       0x3d ./Application/User/Core/main.o
 .debug_macro   0x0000000000015b61       0x16 ./Application/User/Core/main.o
 .debug_macro   0x0000000000015b77      0x145 ./Application/User/Core/main.o
 .debug_macro   0x0000000000015cbc       0x16 ./Application/User/Core/main.o
 .debug_macro   0x0000000000015cd2       0x16 ./Application/User/Core/main.o
 .debug_macro   0x0000000000015ce8       0x29 ./Application/User/Core/main.o
 .debug_macro   0x0000000000015d11       0x16 ./Application/User/Core/main.o
 .debug_macro   0x0000000000015d27       0x20 ./Application/User/Core/main.o
 .debug_macro   0x0000000000015d47       0x6c ./Application/User/Core/main.o
 .debug_macro   0x0000000000015db3      0x1c8 ./Application/User/Core/main.o
 .debug_macro   0x0000000000015f7b      0x1b2 ./Application/User/Core/stm32f1xx_hal_msp.o
 .debug_macro   0x000000000001612d      0x1bc ./Application/User/Core/stm32f1xx_it.o
 .debug_macro   0x00000000000162e9      0x3ef ./Application/User/USB_DEVICE/App/usb_device.o
 .debug_macro   0x00000000000166d8       0x22 ./Application/User/USB_DEVICE/App/usb_device.o
 .debug_macro   0x00000000000166fa       0x65 ./Application/User/USB_DEVICE/App/usb_device.o
 .debug_macro   0x000000000001675f      0x3ce ./Application/User/USB_DEVICE/App/usbd_custom_hid_if.o
 .debug_macro   0x0000000000016b2d       0x97 ./Application/User/USB_DEVICE/App/usbd_custom_hid_if.o
 .debug_macro   0x0000000000016bc4       0xfd ./Application/User/USB_DEVICE/App/usbd_custom_hid_if.o
 .debug_macro   0x0000000000016cc1       0x56 ./Application/User/USB_DEVICE/App/usbd_custom_hid_if.o
 .debug_macro   0x0000000000016d17      0x3ec ./Application/User/USB_DEVICE/App/usbd_desc.o
 .debug_macro   0x0000000000017103      0x1ce ./Application/User/USB_DEVICE/App/usbd_desc.o
 .debug_macro   0x00000000000172d1       0x1c ./Application/User/USB_DEVICE/App/usbd_desc.o
 .debug_macro   0x00000000000172ed      0x3d2 ./Application/User/USB_DEVICE/Target/usbd_conf.o
 .debug_macro   0x00000000000176bf      0x1a8 ./Drivers/CMSIS/system_stm32f1xx.o
 .debug_macro   0x0000000000017867      0x1cc ./Drivers/STM32F1xx_HAL_Driver/stm32f1xx_hal.o
 .debug_macro   0x0000000000017a33      0x1a8 ./Drivers/STM32F1xx_HAL_Driver/stm32f1xx_hal_cortex.o
 .debug_macro   0x0000000000017bdb      0x1b4 ./Drivers/STM32F1xx_HAL_Driver/stm32f1xx_hal_pcd.o
 .debug_macro   0x0000000000017d8f      0x1a8 ./Drivers/STM32F1xx_HAL_Driver/stm32f1xx_hal_pcd_ex.o
 .debug_macro   0x0000000000017f37      0x1ba ./Drivers/STM32F1xx_HAL_Driver/stm32f1xx_hal_rcc.o
 .debug_macro   0x00000000000180f1      0x1a8 ./Drivers/STM32F1xx_HAL_Driver/stm32f1xx_hal_rcc_ex.o
 .debug_macro   0x0000000000018299      0x1a8 ./Drivers/STM32F1xx_HAL_Driver/stm32f1xx_ll_usb.o
 .debug_macro   0x0000000000018441      0x3af ./Middlewares/USB_Device_Library/usbd_core.o
 .debug_macro   0x00000000000187f0      0x3b9 ./Middlewares/USB_Device_Library/usbd_ctlreq.o
 .debug_macro   0x0000000000018ba9      0x3c8 ./Middlewares/USB_Device_Library/usbd_customhid.o
 .debug_macro   0x0000000000018f71      0x3b5 ./Middlewares/USB_Device_Library/usbd_ioreq.o

.debug_line     0x0000000000000000     0xd699
 .debug_line    0x0000000000000000      0xa02 ./Application/User/Core/main.o
 .debug_line    0x0000000000000a02      0x6a2 ./Application/User/Core/stm32f1xx_hal_msp.o
 .debug_line    0x00000000000010a4      0x77c ./Application/User/Core/stm32f1xx_it.o
 .debug_line    0x0000000000001820       0x93 ./Application/User/Startup/startup_stm32f103c8tx.o
 .debug_line    0x00000000000018b3      0xa20 ./Application/User/USB_DEVICE/App/usb_device.o
 .debug_line    0x00000000000022d3      0xa18 ./Application/User/USB_DEVICE/App/usbd_custom_hid_if.o
 .debug_line    0x0000000000002ceb      0xad3 ./Application/User/USB_DEVICE/App/usbd_desc.o
 .debug_line    0x00000000000037be      0xe0d ./Application/User/USB_DEVICE/Target/usbd_conf.o
 .debug_line    0x00000000000045cb      0x720 ./Drivers/CMSIS/system_stm32f1xx.o
 .debug_line    0x0000000000004ceb      0x94d ./Drivers/STM32F1xx_HAL_Driver/stm32f1xx_hal.o
 .debug_line    0x0000000000005638      0xb35 ./Drivers/STM32F1xx_HAL_Driver/stm32f1xx_hal_cortex.o
 .debug_line    0x000000000000616d     0x133b ./Drivers/STM32F1xx_HAL_Driver/stm32f1xx_hal_pcd.o
 .debug_line    0x00000000000074a8      0x71b ./Drivers/STM32F1xx_HAL_Driver/stm32f1xx_hal_pcd_ex.o
 .debug_line    0x0000000000007bc3      0xd5b ./Drivers/STM32F1xx_HAL_Driver/stm32f1xx_hal_rcc.o
 .debug_line    0x000000000000891e      0x899 ./Drivers/STM32F1xx_HAL_Driver/stm32f1xx_hal_rcc_ex.o
 .debug_line    0x00000000000091b7     0x1080 ./Drivers/STM32F1xx_HAL_Driver/stm32f1xx_ll_usb.o
 .debug_line    0x000000000000a237      0xdb4 ./Middlewares/USB_Device_Library/usbd_core.o
 .debug_line    0x000000000000afeb      0xfd6 ./Middlewares/USB_Device_Library/usbd_ctlreq.o
 .debug_line    0x000000000000bfc1      0xc8e ./Middlewares/USB_Device_Library/usbd_customhid.o
 .debug_line    0x000000000000cc4f      0xa4a ./Middlewares/USB_Device_Library/usbd_ioreq.o

.debug_str      0x0000000000000000    0x84751
 .debug_str     0x0000000000000000    0x81ae4 ./Application/User/Core/main.o
                                      0x81e6b (size before relaxing)
 .debug_str     0x0000000000081ae4       0x75 ./Application/User/Core/stm32f1xx_hal_msp.o
                                      0x7d3cf (size before relaxing)
 .debug_str     0x0000000000081b59      0x438 ./Application/User/Core/stm32f1xx_it.o
                                      0x7d7a3 (size before relaxing)
 .debug_str     0x0000000000081f91       0x42 ./Application/User/Startup/startup_stm32f103c8tx.o
                                         0x73 (size before relaxing)
 .debug_str     0x0000000000081fd3      0x713 ./Application/User/USB_DEVICE/App/usb_device.o
                                      0x82389 (size before relaxing)
 .debug_str     0x00000000000826e6       0xa4 ./Application/User/USB_DEVICE/App/usbd_custom_hid_if.o
                                      0x81f26 (size before relaxing)
 .debug_str     0x000000000008278a      0x29c ./Application/User/USB_DEVICE/App/usbd_desc.o
                                      0x82032 (size before relaxing)
 .debug_str     0x0000000000082a26      0x7cf ./Application/User/USB_DEVICE/Target/usbd_conf.o
                                      0x82e11 (size before relaxing)
 .debug_str     0x00000000000831f5       0x99 ./Drivers/CMSIS/system_stm32f1xx.o
                                      0x7d3fa (size before relaxing)
 .debug_str     0x000000000008328e      0x39f ./Drivers/STM32F1xx_HAL_Driver/stm32f1xx_hal.o
                                      0x7db2d (size before relaxing)
 .debug_str     0x000000000008362d      0x233 ./Drivers/STM32F1xx_HAL_Driver/stm32f1xx_hal_cortex.o
                                      0x7da79 (size before relaxing)
 .debug_str     0x0000000000083860      0x348 ./Drivers/STM32F1xx_HAL_Driver/stm32f1xx_hal_pcd.o
                                      0x7dcd2 (size before relaxing)
 .debug_str     0x0000000000083ba8      0x177 ./Drivers/STM32F1xx_HAL_Driver/stm32f1xx_hal_pcd_ex.o
                                      0x7d86e (size before relaxing)
 .debug_str     0x0000000000083d1f      0x27f ./Drivers/STM32F1xx_HAL_Driver/stm32f1xx_hal_rcc.o
                                      0x7d829 (size before relaxing)
 .debug_str     0x0000000000083f9e       0xba ./Drivers/STM32F1xx_HAL_Driver/stm32f1xx_hal_rcc_ex.o
                                      0x7d579 (size before relaxing)
 .debug_str     0x0000000000084058      0x149 ./Drivers/STM32F1xx_HAL_Driver/stm32f1xx_ll_usb.o
                                      0x7d8a1 (size before relaxing)
 .debug_str     0x00000000000841a1      0x15c ./Middlewares/USB_Device_Library/usbd_core.o
                                      0x8229a (size before relaxing)
 .debug_str     0x00000000000842fd      0x100 ./Middlewares/USB_Device_Library/usbd_ctlreq.o
                                      0x821b4 (size before relaxing)
 .debug_str     0x00000000000843fd      0x2e8 ./Middlewares/USB_Device_Library/usbd_customhid.o
                                      0x825c8 (size before relaxing)
 .debug_str     0x00000000000846e5       0x6c ./Middlewares/USB_Device_Library/usbd_ioreq.o
                                      0x820e1 (size before relaxing)

.comment        0x0000000000000000       0x50
 .comment       0x0000000000000000       0x50 ./Application/User/Core/main.o
                                         0x51 (size before relaxing)
 .comment       0x0000000000000050       0x51 ./Application/User/Core/stm32f1xx_hal_msp.o
 .comment       0x0000000000000050       0x51 ./Application/User/Core/stm32f1xx_it.o
 .comment       0x0000000000000050       0x51 ./Application/User/USB_DEVICE/App/usb_device.o
 .comment       0x0000000000000050       0x51 ./Application/User/USB_DEVICE/App/usbd_custom_hid_if.o
 .comment       0x0000000000000050       0x51 ./Application/User/USB_DEVICE/App/usbd_desc.o
 .comment       0x0000000000000050       0x51 ./Application/User/USB_DEVICE/Target/usbd_conf.o
 .comment       0x0000000000000050       0x51 ./Drivers/CMSIS/system_stm32f1xx.o
 .comment       0x0000000000000050       0x51 ./Drivers/STM32F1xx_HAL_Driver/stm32f1xx_hal.o
 .comment       0x0000000000000050       0x51 ./Drivers/STM32F1xx_HAL_Driver/stm32f1xx_hal_cortex.o
 .comment       0x0000000000000050       0x51 ./Drivers/STM32F1xx_HAL_Driver/stm32f1xx_hal_pcd.o
 .comment       0x0000000000000050       0x51 ./Drivers/STM32F1xx_HAL_Driver/stm32f1xx_hal_pcd_ex.o
 .comment       0x0000000000000050       0x51 ./Drivers/STM32F1xx_HAL_Driver/stm32f1xx_hal_rcc.o
 .comment       0x0000000000000050       0x51 ./Drivers/STM32F1xx_HAL_Driver/stm32f1xx_hal_rcc_ex.o
 .comment       0x0000000000000050       0x51 ./Drivers/STM32F1xx_HAL_Driver/stm32f1xx_ll_usb.o
 .comment       0x0000000000000050       0x51 ./Middlewares/USB_Device_Library/usbd_core.o
 .comment       0x0000000000000050       0x51 ./Middlewares/USB_Device_Library/usbd_ctlreq.o
 .comment       0x0000000000000050       0x51 ./Middlewares/USB_Device_Library/usbd_customhid.o
 .comment       0x0000000000000050       0x51 ./Middlewares/USB_Device_Library/usbd_ioreq.o

.debug_frame    0x0000000000000000     0x25a4
 .debug_frame   0x0000000000000000       0x90 ./Application/User/Core/main.o
 .debug_frame   0x0000000000000090       0x38 ./Application/User/Core/stm32f1xx_hal_msp.o
 .debug_frame   0x00000000000000c8      0x120 ./Application/User/Core/stm32f1xx_it.o
 .debug_frame   0x00000000000001e8       0x2c ./Application/User/USB_DEVICE/App/usb_device.o
 .debug_frame   0x0000000000000214       0x78 ./Application/User/USB_DEVICE/App/usbd_custom_hid_if.o
 .debug_frame   0x000000000000028c      0x160 ./Application/User/USB_DEVICE/App/usbd_desc.o
 .debug_frame   0x00000000000003ec      0x4a4 ./Application/User/USB_DEVICE/Target/usbd_conf.o
 .debug_frame   0x0000000000000890       0x58 ./Drivers/CMSIS/system_stm32f1xx.o
 .debug_frame   0x00000000000008e8      0x334 ./Drivers/STM32F1xx_HAL_Driver/stm32f1xx_hal.o
 .debug_frame   0x0000000000000c1c      0x428 ./Drivers/STM32F1xx_HAL_Driver/stm32f1xx_hal_cortex.o
 .debug_frame   0x0000000000001044      0x578 ./Drivers/STM32F1xx_HAL_Driver/stm32f1xx_hal_pcd.o
 .debug_frame   0x00000000000015bc       0xb0 ./Drivers/STM32F1xx_HAL_Driver/stm32f1xx_hal_pcd_ex.o
 .debug_frame   0x000000000000166c      0x21c ./Drivers/STM32F1xx_HAL_Driver/stm32f1xx_hal_rcc.o
 .debug_frame   0x0000000000001888       0x84 ./Drivers/STM32F1xx_HAL_Driver/stm32f1xx_hal_rcc_ex.o
 .debug_frame   0x000000000000190c      0x450 ./Drivers/STM32F1xx_HAL_Driver/stm32f1xx_ll_usb.o
 .debug_frame   0x0000000000001d5c      0x300 ./Middlewares/USB_Device_Library/usbd_core.o
 .debug_frame   0x000000000000205c      0x218 ./Middlewares/USB_Device_Library/usbd_ctlreq.o
 .debug_frame   0x0000000000002274      0x1d8 ./Middlewares/USB_Device_Library/usbd_customhid.o
 .debug_frame   0x000000000000244c      0x10c ./Middlewares/USB_Device_Library/usbd_ioreq.o
 .debug_frame   0x0000000000002558       0x2c c:/st/stm32cubeide_1.10.1/stm32cubeide/plugins/com.st.stm32cube.ide.mcu.externaltools.gnu-tools-for-stm32.10.3-2021.10.win32_1.0.200.202301161003/tools/bin/../lib/gcc/arm-none-eabi/10.3.1/../../../../arm-none-eabi/lib/thumb/v7-m/nofp\libc_nano.a(lib_a-init.o)
 .debug_frame   0x0000000000002584       0x20 c:/st/stm32cubeide_1.10.1/stm32cubeide/plugins/com.st.stm32cube.ide.mcu.externaltools.gnu-tools-for-stm32.10.3-2021.10.win32_1.0.200.202301161003/tools/bin/../lib/gcc/arm-none-eabi/10.3.1/../../../../arm-none-eabi/lib/thumb/v7-m/nofp\libc_nano.a(lib_a-memset.o)
