###############################################################################
#
# IAR ELF Linker V9.30.1.335/W64 for ARM                  19/Mar/2023  22:36:13
# Copyright 2007-2022 IAR Systems AB.
#
#    Output file  =
#        D:\my_workspace\my_fw\stm_joy\EWARM\stm_joy\Exe\stm_joy.out
#    Map file     =
#        D:\my_workspace\my_fw\stm_joy\EWARM\stm_joy\List\stm_joy.map
#    Command line =
#        -f D:\my_workspace\my_fw\stm_joy\EWARM\stm_joy\Exe\stm_joy.out.rsp
#        (D:\my_workspace\my_fw\stm_joy\EWARM\stm_joy\Obj\Application\User\Core\main.o
#        D:\my_workspace\my_fw\stm_joy\EWARM\stm_joy\Obj\Application\EWARM\startup_stm32f103xb.o
#        D:\my_workspace\my_fw\stm_joy\EWARM\stm_joy\Obj\Drivers\STM32F1xx_HAL_Driver\stm32f1xx_hal.o
#        D:\my_workspace\my_fw\stm_joy\EWARM\stm_joy\Obj\Drivers\STM32F1xx_HAL_Driver\stm32f1xx_hal_cortex.o
#        D:\my_workspace\my_fw\stm_joy\EWARM\stm_joy\Obj\Drivers\STM32F1xx_HAL_Driver\stm32f1xx_hal_dma.o
#        D:\my_workspace\my_fw\stm_joy\EWARM\stm_joy\Obj\Drivers\STM32F1xx_HAL_Driver\stm32f1xx_hal_exti.o
#        D:\my_workspace\my_fw\stm_joy\EWARM\stm_joy\Obj\Drivers\STM32F1xx_HAL_Driver\stm32f1xx_hal_flash.o
#        D:\my_workspace\my_fw\stm_joy\EWARM\stm_joy\Obj\Drivers\STM32F1xx_HAL_Driver\stm32f1xx_hal_flash_ex.o
#        D:\my_workspace\my_fw\stm_joy\EWARM\stm_joy\Obj\Drivers\STM32F1xx_HAL_Driver\stm32f1xx_hal_gpio.o
#        D:\my_workspace\my_fw\stm_joy\EWARM\stm_joy\Obj\Drivers\STM32F1xx_HAL_Driver\stm32f1xx_hal_gpio_ex.o
#        D:\my_workspace\my_fw\stm_joy\EWARM\stm_joy\Obj\Application\User\Core\stm32f1xx_hal_msp.o
#        D:\my_workspace\my_fw\stm_joy\EWARM\stm_joy\Obj\Drivers\STM32F1xx_HAL_Driver\stm32f1xx_hal_pcd.o
#        D:\my_workspace\my_fw\stm_joy\EWARM\stm_joy\Obj\Drivers\STM32F1xx_HAL_Driver\stm32f1xx_hal_pcd_ex.o
#        D:\my_workspace\my_fw\stm_joy\EWARM\stm_joy\Obj\Drivers\STM32F1xx_HAL_Driver\stm32f1xx_hal_pwr.o
#        D:\my_workspace\my_fw\stm_joy\EWARM\stm_joy\Obj\Drivers\STM32F1xx_HAL_Driver\stm32f1xx_hal_rcc.o
#        D:\my_workspace\my_fw\stm_joy\EWARM\stm_joy\Obj\Drivers\STM32F1xx_HAL_Driver\stm32f1xx_hal_rcc_ex.o
#        D:\my_workspace\my_fw\stm_joy\EWARM\stm_joy\Obj\Drivers\STM32F1xx_HAL_Driver\stm32f1xx_hal_tim.o
#        D:\my_workspace\my_fw\stm_joy\EWARM\stm_joy\Obj\Drivers\STM32F1xx_HAL_Driver\stm32f1xx_hal_tim_ex.o
#        D:\my_workspace\my_fw\stm_joy\EWARM\stm_joy\Obj\Application\User\Core\stm32f1xx_it.o
#        D:\my_workspace\my_fw\stm_joy\EWARM\stm_joy\Obj\Drivers\STM32F1xx_HAL_Driver\stm32f1xx_ll_usb.o
#        D:\my_workspace\my_fw\stm_joy\EWARM\stm_joy\Obj\Drivers\CMSIS\system_stm32f1xx.o
#        D:\my_workspace\my_fw\stm_joy\EWARM\stm_joy\Obj\Application\User\USB_DEVICE\App\usb_device.o
#        D:\my_workspace\my_fw\stm_joy\EWARM\stm_joy\Obj\Application\User\USB_DEVICE\Target\usbd_conf.o
#        D:\my_workspace\my_fw\stm_joy\EWARM\stm_joy\Obj\Middlewares\USB_Device_Library\usbd_core.o
#        D:\my_workspace\my_fw\stm_joy\EWARM\stm_joy\Obj\Middlewares\USB_Device_Library\usbd_ctlreq.o
#        D:\my_workspace\my_fw\stm_joy\EWARM\stm_joy\Obj\Application\User\USB_DEVICE\App\usbd_custom_hid_if.o
#        D:\my_workspace\my_fw\stm_joy\EWARM\stm_joy\Obj\Middlewares\USB_Device_Library\usbd_customhid.o
#        D:\my_workspace\my_fw\stm_joy\EWARM\stm_joy\Obj\Application\User\USB_DEVICE\App\usbd_desc.o
#        D:\my_workspace\my_fw\stm_joy\EWARM\stm_joy\Obj\Middlewares\USB_Device_Library\usbd_ioreq.o
#        --no_out_extension -o
#        D:\my_workspace\my_fw\stm_joy\EWARM\stm_joy\Exe\stm_joy.out --redirect
#        _Printf=_PrintfFullNoMb --redirect _Scanf=_ScanfFullNoMb --map
#        D:\my_workspace\my_fw\stm_joy\EWARM\stm_joy\List\stm_joy.map --config
#        D:\my_workspace\my_fw\stm_joy\EWARM/stm32f103xb_flash.icf
#        --semihosting --entry __iar_program_start --vfe --text_out locale
#        --cpu=Cortex-M3 --fpu=None)
#
###############################################################################

*******************************************************************************
*** RUNTIME MODEL ATTRIBUTES
***

CppFlavor       = *
__CPP_Runtime   = 1
__SystemLibrary = DLib
__dlib_version  = 6


*******************************************************************************
*** HEAP SELECTION
***

The basic heap was selected because --advanced_heap
was not specified and the application did not appear to
be primarily optimized for speed.


*******************************************************************************
*** PLACEMENT SUMMARY
***

"A0":  place at address 0x800'0000 { ro section .intvec };
"P1":  place in [from 0x800'0000 to 0x801'ffff] { ro };
define block CSTACK with size = 1K, alignment = 8 { };
define block HEAP with size = 512, alignment = 8 { };
"P2":  place in [from 0x2000'0000 to 0x2000'4fff] {
          rw, block CSTACK, block HEAP };
initialize by copy { rw };

  Section            Kind         Address    Size  Object
  -------            ----         -------    ----  ------
"A0":                                        0xec
  .intvec            ro code   0x800'0000    0xec  startup_stm32f103xb.o [1]
                             - 0x800'00ec    0xec

"P1":                                      0x3087
  .text              ro code   0x800'00ec   0xa0c  stm32f1xx_hal_pcd.o [6]
  .text              ro code   0x800'0af8   0x1da  usbd_conf.o [4]
  .text              ro code   0x800'0cd2    0x7e  lz77_init_single.o [9]
  .text              ro code   0x800'0d50   0xa0a  stm32f1xx_ll_usb.o [6]
  .text              ro code   0x800'175c    0x18  ABImemcpy_small.o [9]
  .text              ro code   0x800'1774    0xc4  stm32f1xx_hal_cortex.o [6]
  .text              ro code   0x800'1838   0x27c  usbd_core.o [7]
  .text              ro code   0x800'1ab4   0x148  main.o [2]
  .text              ro code   0x800'1bfc    0x34  stm32f1xx_hal_pcd_ex.o [6]
  .text              ro code   0x800'1c30   0x45e  usbd_ctlreq.o [7]
  .text              ro code   0x800'208e    0x60  usbd_ioreq.o [7]
  .text              ro code   0x800'20f0    0x24  stm32f1xx_hal.o [6]
  .text              ro code   0x800'2114    0x54  usb_device.o [3]
  .text              ro code   0x800'2168   0x334  stm32f1xx_hal_tim.o [6]
  .text              ro code   0x800'249c    0x64  stm32f1xx_hal_tim_ex.o [6]
  .text              ro code   0x800'2500     0x6  ABImemclr4.o [9]
  .text              ro code   0x800'2508   0x496  stm32f1xx_hal_rcc.o [6]
  .text              ro code   0x800'29a0    0xe8  stm32f1xx_hal_rcc_ex.o [6]
  .text              ro code   0x800'2a88    0x40  stm32f1xx_hal.o [6]
  .text              ro code   0x800'2ac8    0x80  stm32f1xx_hal_msp.o [2]
  .text              ro code   0x800'2b48   0x1ea  usbd_customhid.o [7]
  .text              ro code   0x800'2d32     0x2  stm32f1xx_hal_tim.o [6]
  .text              ro code   0x800'2d34     0x2  stm32f1xx_hal_tim.o [6]
  .text              ro code   0x800'2d36     0x2  stm32f1xx_hal_tim.o [6]
  .text              ro code   0x800'2d38     0x2  stm32f1xx_hal_tim_ex.o [6]
  .text              ro code   0x800'2d3a     0x2  stm32f1xx_hal_tim.o [6]
  .text              ro code   0x800'2d3c     0x2  stm32f1xx_hal_tim_ex.o [6]
  .text              ro code   0x800'2d3e     0x2  stm32f1xx_hal_tim.o [6]
  .text              ro code   0x800'2d40    0x32  ABImemset48.o [9]
  .text              ro code   0x800'2d74     0xc  stm32f1xx_hal.o [6]
  .text              ro code   0x800'2d80   0x118  usbd_desc.o [3]
  .text              ro code   0x800'2e98    0x38  zero_init3.o [9]
  .text              ro code   0x800'2ed0    0x28  stm32f1xx_it.o [2]
  .text              ro code   0x800'2ef8    0x10  stm32f1xx_hal.o [6]
  .text              ro code   0x800'2f08    0x28  usbd_custom_hid_if.o [3]
  .text              ro code   0x800'2f30    0x28  data_init.o [9]
  .iar.init_table    const     0x800'2f58    0x20  - Linker created -
  .text              ro code   0x800'2f78    0x1e  cmain.o [9]
  .text              ro code   0x800'2f96     0x4  low_level_init.o [8]
  .text              ro code   0x800'2f9a     0x4  exit.o [8]
  .text              ro code   0x800'2fa0     0xa  cexit.o [9]
  .text              ro code   0x800'2fac    0x14  exit.o [10]
  .text              ro code   0x800'2fc0    0x1c  cstartup_M.o [9]
  .text              ro code   0x800'2fdc    0x14  system_stm32f1xx.o [5]
  .text              ro code   0x800'2ff0    0x10  startup_stm32f103xb.o [1]
  .text              ro code   0x800'3000     0x4  startup_stm32f103xb.o [1]
  .text              ro code   0x800'3004     0x4  startup_stm32f103xb.o [1]
  .text              ro code   0x800'3008     0x4  startup_stm32f103xb.o [1]
  .text              ro code   0x800'300c     0x4  startup_stm32f103xb.o [1]
  .text              ro code   0x800'3010     0x4  startup_stm32f103xb.o [1]
  .text              ro code   0x800'3014     0x4  startup_stm32f103xb.o [1]
  .text              ro code   0x800'3018     0x4  startup_stm32f103xb.o [1]
  .text              ro code   0x800'301c     0x4  startup_stm32f103xb.o [1]
  .text              ro code   0x800'3020     0x4  startup_stm32f103xb.o [1]
  .text              ro code   0x800'3024     0x4  startup_stm32f103xb.o [1]
  .text              ro code   0x800'3028     0x4  startup_stm32f103xb.o [1]
  .text              ro code   0x800'302c     0x4  startup_stm32f103xb.o [1]
  .text              ro code   0x800'3030     0x4  startup_stm32f103xb.o [1]
  .text              ro code   0x800'3034     0x4  startup_stm32f103xb.o [1]
  .text              ro code   0x800'3038     0x4  startup_stm32f103xb.o [1]
  .text              ro code   0x800'303c     0x4  startup_stm32f103xb.o [1]
  .text              ro code   0x800'3040     0x4  startup_stm32f103xb.o [1]
  .text              ro code   0x800'3044     0x4  startup_stm32f103xb.o [1]
  .text              ro code   0x800'3048     0x4  startup_stm32f103xb.o [1]
  .text              ro code   0x800'304c     0x4  startup_stm32f103xb.o [1]
  .text              ro code   0x800'3050     0x4  startup_stm32f103xb.o [1]
  .text              ro code   0x800'3054     0x4  startup_stm32f103xb.o [1]
  .text              ro code   0x800'3058     0x4  startup_stm32f103xb.o [1]
  .text              ro code   0x800'305c     0x4  startup_stm32f103xb.o [1]
  .text              ro code   0x800'3060     0x4  startup_stm32f103xb.o [1]
  .text              ro code   0x800'3064     0x4  startup_stm32f103xb.o [1]
  .text              ro code   0x800'3068     0x4  startup_stm32f103xb.o [1]
  .text              ro code   0x800'306c     0x4  startup_stm32f103xb.o [1]
  .text              ro code   0x800'3070     0x4  startup_stm32f103xb.o [1]
  .text              ro code   0x800'3074     0x4  startup_stm32f103xb.o [1]
  .text              ro code   0x800'3078     0x4  startup_stm32f103xb.o [1]
  .text              ro code   0x800'307c     0x4  startup_stm32f103xb.o [1]
  .text              ro code   0x800'3080     0x4  startup_stm32f103xb.o [1]
  .text              ro code   0x800'3084     0x4  startup_stm32f103xb.o [1]
  .text              ro code   0x800'3088     0x4  startup_stm32f103xb.o [1]
  .text              ro code   0x800'308c     0x4  startup_stm32f103xb.o [1]
  .text              ro code   0x800'3090     0x4  startup_stm32f103xb.o [1]
  .text              ro code   0x800'3094     0x4  startup_stm32f103xb.o [1]
  .text              ro code   0x800'3098     0x4  startup_stm32f103xb.o [1]
  .text              ro code   0x800'309c     0x4  startup_stm32f103xb.o [1]
  .text              ro code   0x800'30a0     0x4  startup_stm32f103xb.o [1]
  .rodata            const     0x800'30a4     0x0  zero_init3.o [9]
  .rodata            const     0x800'30a4     0x0  lz77_init_single.o [9]
  Initializer bytes  const     0x800'30a4    0xcf  <for P2-1>
                             - 0x800'3173  0x3087

"P2", part 1 of 3:                          0x168
  P2-1                        0x2000'0000   0x168  <Init block>
    .data            inited   0x2000'0000     0xc  stm32f1xx_hal.o [6]
    .data            inited   0x2000'000c     0x4  system_stm32f1xx.o [5]
    .data            inited   0x2000'0010    0x24  usbd_custom_hid_if.o [3]
    .data            inited   0x2000'0034    0x10  usbd_custom_hid_if.o [3]
    .data            inited   0x2000'0044    0x38  usbd_customhid.o [7]
    .data            inited   0x2000'007c    0x2c  usbd_customhid.o [7]
    .data            inited   0x2000'00a8    0x2c  usbd_customhid.o [7]
    .data            inited   0x2000'00d4    0x2c  usbd_customhid.o [7]
    .data            inited   0x2000'0100     0xc  usbd_customhid.o [7]
    .data            inited   0x2000'010c     0xc  usbd_customhid.o [7]
    .data            inited   0x2000'0118    0x1c  usbd_desc.o [3]
    .data            inited   0x2000'0134    0x14  usbd_desc.o [3]
    .data            inited   0x2000'0148     0x4  usbd_desc.o [3]
    .data            inited   0x2000'014c    0x1c  usbd_desc.o [3]
                            - 0x2000'0168   0x168

"P2", part 2 of 3:                          0x85c
  .bss               zero     0x2000'0168   0x2ec  usbd_conf.o [4]
  .bss               zero     0x2000'0454   0x2c4  usb_device.o [3]
  .bss               zero     0x2000'0718   0x200  usbd_desc.o [3]
  .bss               zero     0x2000'0918    0x4c  main.o [2]
  .bss               zero     0x2000'0964    0x40  main.o [2]
  .bss               zero     0x2000'09a4    0x1c  usbd_conf.o [4]
  .bss               zero     0x2000'09c0     0x1  usbd_ctlreq.o [7]
                            - 0x2000'09c1   0x859

"P2", part 3 of 3:                          0x400
  CSTACK                      0x2000'09c8   0x400  <Block>
    CSTACK           uninit   0x2000'09c8   0x400  <Block tail>
                            - 0x2000'0dc8   0x400

Unused ranges:

         From           To      Size
         ----           --      ----
   0x800'3173   0x801'ffff  0x1'ce8d
  0x2000'09c4  0x2000'09c7       0x4
  0x2000'0dc8  0x2000'4fff    0x4238


*******************************************************************************
*** INIT TABLE
***

          Address      Size
          -------      ----
Zero (__iar_zero_init3)
    1 destination range, total size 0x859:
          0x2000'0168  0x859

Copy/lz77 (__iar_lz77_init_single3)
    1 source range, total size 0xcf (57% of destination):
           0x800'30a4   0xcf
    1 destination range, total size 0x168:
          0x2000'0000  0x168



*******************************************************************************
*** MODULE SUMMARY
***

    Module                  ro code  ro data  rw data
    ------                  -------  -------  -------
command line/config:
    -------------------------------------------------
    Total:

D:\my_workspace\my_fw\stm_joy\EWARM\stm_joy\Obj\Application\EWARM: [1]
    startup_stm32f103xb.o       416
    -------------------------------------------------
    Total:                      416

D:\my_workspace\my_fw\stm_joy\EWARM\stm_joy\Obj\Application\User\Core: [2]
    main.o                      328               140
    stm32f1xx_hal_msp.o         128
    stm32f1xx_it.o               40
    -------------------------------------------------
    Total:                      496               140

D:\my_workspace\my_fw\stm_joy\EWARM\stm_joy\Obj\Application\User\USB_DEVICE\App: [3]
    usb_device.o                 84               708
    usbd_custom_hid_if.o         40       30       52
    usbd_desc.o                 280       45      592
    -------------------------------------------------
    Total:                      404       75    1'352

D:\my_workspace\my_fw\stm_joy\EWARM\stm_joy\Obj\Application\User\USB_DEVICE\Target: [4]
    usbd_conf.o                 474               776
    -------------------------------------------------
    Total:                      474               776

D:\my_workspace\my_fw\stm_joy\EWARM\stm_joy\Obj\Drivers\CMSIS: [5]
    system_stm32f1xx.o           20        3        4
    -------------------------------------------------
    Total:                       20        3        4

D:\my_workspace\my_fw\stm_joy\EWARM\stm_joy\Obj\Drivers\STM32F1xx_HAL_Driver: [6]
    stm32f1xx_hal.o             128        6       12
    stm32f1xx_hal_cortex.o      196
    stm32f1xx_hal_pcd.o       2'572
    stm32f1xx_hal_pcd_ex.o       52
    stm32f1xx_hal_rcc.o       1'174
    stm32f1xx_hal_rcc_ex.o      232
    stm32f1xx_hal_tim.o         830
    stm32f1xx_hal_tim_ex.o      104
    stm32f1xx_ll_usb.o        2'570
    -------------------------------------------------
    Total:                    7'858        6       12

D:\my_workspace\my_fw\stm_joy\EWARM\stm_joy\Obj\Middlewares\USB_Device_Library: [7]
    usbd_core.o                 636
    usbd_ctlreq.o             1'118                 1
    usbd_customhid.o            490      122      212
    usbd_ioreq.o                 96
    -------------------------------------------------
    Total:                    2'340      122      213

dl7M_tlf.a: [8]
    exit.o                        4
    low_level_init.o              4
    -------------------------------------------------
    Total:                        8

rt7M_tl.a: [9]
    ABImemclr4.o                  6
    ABImemcpy_small.o            24
    ABImemset48.o                50
    cexit.o                      10
    cmain.o                      30
    cstartup_M.o                 28
    data_init.o                  40
    lz77_init_single.o          126
    zero_init3.o                 56
    -------------------------------------------------
    Total:                      370

shb_l.a: [10]
    exit.o                       20
    -------------------------------------------------
    Total:                       20

    Gaps                         14
    Linker created                        33    1'024
-----------------------------------------------------
    Grand Total:             12'420      239    3'521


*******************************************************************************
*** ENTRY LIST
***

Entry                       Address   Size  Type      Object
-----                       -------   ----  ----      ------
.iar.init_table$$Base    0x800'2f58          --   Gb  - Linker created -
.iar.init_table$$Limit   0x800'2f78          --   Gb  - Linker created -
?main                    0x800'2f79         Code  Gb  cmain.o [9]
ADC1_2_IRQHandler        0x800'3049         Code  Wk  startup_stm32f103xb.o [1]
AHBPrescTable            0x800'2fe0   0x10  Data  Gb  system_stm32f1xx.o [5]
BusFault_Handler         0x800'2ed7    0x2  Code  Gb  stm32f1xx_it.o [2]
CAN1_RX1_IRQHandler      0x800'3051         Code  Wk  startup_stm32f103xb.o [1]
CAN1_SCE_IRQHandler      0x800'3055         Code  Wk  startup_stm32f103xb.o [1]
CSTACK$$Base            0x2000'09c8          --   Gb  - Linker created -
CSTACK$$Limit           0x2000'0dc8          --   Gb  - Linker created -
CUSTOM_HID_DeInit_FS     0x800'2f0d    0x4  Code  Lc  usbd_custom_hid_if.o [3]
CUSTOM_HID_Init_FS       0x800'2f09    0x4  Code  Lc  usbd_custom_hid_if.o [3]
CUSTOM_HID_OutEvent_FS   0x800'2f11   0x16  Code  Lc  usbd_custom_hid_if.o [3]
CUSTOM_HID_ReportDesc_FS
                        0x2000'0010   0x24  Data  Lc  usbd_custom_hid_if.o [3]
DMA1_Channel1_IRQHandler
                         0x800'302d         Code  Wk  startup_stm32f103xb.o [1]
DMA1_Channel2_IRQHandler
                         0x800'3031         Code  Wk  startup_stm32f103xb.o [1]
DMA1_Channel3_IRQHandler
                         0x800'3035         Code  Wk  startup_stm32f103xb.o [1]
DMA1_Channel4_IRQHandler
                         0x800'3039         Code  Wk  startup_stm32f103xb.o [1]
DMA1_Channel5_IRQHandler
                         0x800'303d         Code  Wk  startup_stm32f103xb.o [1]
DMA1_Channel6_IRQHandler
                         0x800'3041         Code  Wk  startup_stm32f103xb.o [1]
DMA1_Channel7_IRQHandler
                         0x800'3045         Code  Wk  startup_stm32f103xb.o [1]
DebugMon_Handler         0x800'2edd    0x2  Code  Gb  stm32f1xx_it.o [2]
EXTI0_IRQHandler         0x800'3019         Code  Wk  startup_stm32f103xb.o [1]
EXTI15_10_IRQHandler     0x800'3099         Code  Wk  startup_stm32f103xb.o [1]
EXTI1_IRQHandler         0x800'301d         Code  Wk  startup_stm32f103xb.o [1]
EXTI2_IRQHandler         0x800'3021         Code  Wk  startup_stm32f103xb.o [1]
EXTI3_IRQHandler         0x800'3025         Code  Wk  startup_stm32f103xb.o [1]
EXTI4_IRQHandler         0x800'3029         Code  Wk  startup_stm32f103xb.o [1]
EXTI9_5_IRQHandler       0x800'3059         Code  Wk  startup_stm32f103xb.o [1]
Error_Handler            0x800'1bf9    0x4  Code  Gb  main.o [2]
FLASH_IRQHandler         0x800'3011         Code  Wk  startup_stm32f103xb.o [1]
FS_Desc                 0x2000'0118   0x1c  Data  Gb  usbd_desc.o [3]
HAL_GetTick              0x800'2d75    0xc  Code  Wk  stm32f1xx_hal.o [6]
HAL_IncTick              0x800'2ef9   0x10  Code  Wk  stm32f1xx_hal.o [6]
HAL_Init                 0x800'20f1   0x20  Code  Gb  stm32f1xx_hal.o [6]
HAL_InitTick             0x800'2a89   0x40  Code  Wk  stm32f1xx_hal.o [6]
HAL_MspInit              0x800'2ac9   0x3a  Code  Gb  stm32f1xx_hal_msp.o [2]
HAL_NVIC_EnableIRQ       0x800'17e3   0x16  Code  Gb  stm32f1xx_hal_cortex.o [6]
HAL_NVIC_SetPriority     0x800'17a9   0x3a  Code  Gb  stm32f1xx_hal_cortex.o [6]
HAL_NVIC_SetPriorityGrouping
                         0x800'178f   0x1a  Code  Gb  stm32f1xx_hal_cortex.o [6]
HAL_PCDEx_PMAConfig      0x800'1bfd   0x34  Code  Gb  stm32f1xx_hal_pcd_ex.o [6]
HAL_PCDEx_SetConnectionState
                         0x800'0cbf    0x2  Code  Gb  usbd_conf.o [4]
HAL_PCD_DataInStageCallback
                         0x800'0b4d   0x12  Code  Gb  usbd_conf.o [4]
HAL_PCD_DataOutStageCallback
                         0x800'0b39   0x14  Code  Gb  usbd_conf.o [4]
HAL_PCD_EP_Close         0x800'09b7   0x1c  Code  Gb  stm32f1xx_hal_pcd.o [6]
HAL_PCD_EP_ClrStall      0x800'0a91   0x2e  Code  Gb  stm32f1xx_hal_pcd.o [6]
HAL_PCD_EP_Open          0x800'0961   0x56  Code  Gb  stm32f1xx_hal_pcd.o [6]
HAL_PCD_EP_Receive       0x800'09d3   0x24  Code  Gb  stm32f1xx_hal_pcd.o [6]
HAL_PCD_EP_SetStall      0x800'0a2b   0x5e  Code  Gb  stm32f1xx_hal_pcd.o [6]
HAL_PCD_EP_Transmit      0x800'09f7   0x2a  Code  Gb  stm32f1xx_hal_pcd.o [6]
HAL_PCD_IRQHandler       0x800'01d1  0x5fc  Code  Gb  stm32f1xx_hal_pcd.o [6]
HAL_PCD_Init             0x800'00ed   0xac  Code  Gb  stm32f1xx_hal_pcd.o [6]
HAL_PCD_MspInit          0x800'0af9   0x34  Code  Gb  usbd_conf.o [4]
HAL_PCD_ResetCallback    0x800'0b67   0x24  Code  Gb  usbd_conf.o [4]
HAL_PCD_ResumeCallback   0x800'0ba7    0x8  Code  Gb  usbd_conf.o [4]
HAL_PCD_SOFCallback      0x800'0b5f    0x8  Code  Gb  usbd_conf.o [4]
HAL_PCD_SetAddress       0x800'0945   0x1c  Code  Gb  stm32f1xx_hal_pcd.o [6]
HAL_PCD_SetupStageCallback
                         0x800'0b2d    0xc  Code  Gb  usbd_conf.o [4]
HAL_PCD_Start            0x800'01b1   0x18  Code  Gb  stm32f1xx_hal_pcd.o [6]
HAL_PCD_SuspendCallback
                         0x800'0b8b   0x1c  Code  Gb  usbd_conf.o [4]
HAL_RCCEx_PeriphCLKConfig
                         0x800'29a1   0xda  Code  Gb  stm32f1xx_hal_rcc_ex.o [6]
HAL_RCC_ClockConfig      0x800'281d   0xf4  Code  Gb  stm32f1xx_hal_rcc.o [6]
HAL_RCC_GetSysClockFreq
                         0x800'2925   0x3a  Code  Gb  stm32f1xx_hal_rcc.o [6]
HAL_RCC_GetSysClockFreq::aPLLMULFactorTable
                         0x800'298c   0x10  Data  Lc  stm32f1xx_hal_rcc.o [6]
HAL_RCC_GetSysClockFreq::aPredivFactorTable
                         0x800'299c    0x2  Data  Lc  stm32f1xx_hal_rcc.o [6]
HAL_RCC_OscConfig        0x800'2509  0x30c  Code  Gb  stm32f1xx_hal_rcc.o [6]
HAL_SYSTICK_Config       0x800'17f9   0x22  Code  Gb  stm32f1xx_hal_cortex.o [6]
HAL_TIMEx_BreakCallback
                         0x800'2d39    0x2  Code  Wk  stm32f1xx_hal_tim_ex.o [6]
HAL_TIMEx_CommutCallback
                         0x800'2d3d    0x2  Code  Wk  stm32f1xx_hal_tim_ex.o [6]
HAL_TIMEx_MasterConfigSynchronization
                         0x800'249d   0x56  Code  Gb  stm32f1xx_hal_tim_ex.o [6]
HAL_TIM_Base_Init        0x800'2169   0x1a  Code  Gb  stm32f1xx_hal_tim.o [6]
HAL_TIM_Base_MspInit     0x800'2b03   0x34  Code  Gb  stm32f1xx_hal_msp.o [2]
HAL_TIM_ConfigClockSource
                         0x800'2303   0x90  Code  Gb  stm32f1xx_hal_tim.o [6]
HAL_TIM_IC_CaptureCallback
                         0x800'2d33    0x2  Code  Wk  stm32f1xx_hal_tim.o [6]
HAL_TIM_IRQHandler       0x800'21bb  0x142  Code  Gb  stm32f1xx_hal_tim.o [6]
HAL_TIM_OC_DelayElapsedCallback
                         0x800'2d35    0x2  Code  Wk  stm32f1xx_hal_tim.o [6]
HAL_TIM_PWM_PulseFinishedCallback
                         0x800'2d3f    0x2  Code  Wk  stm32f1xx_hal_tim.o [6]
HAL_TIM_PeriodElapsedCallback
                         0x800'2d37    0x2  Code  Wk  stm32f1xx_hal_tim.o [6]
HAL_TIM_TriggerCallback
                         0x800'2d3b    0x2  Code  Wk  stm32f1xx_hal_tim.o [6]
HardFault_Handler        0x800'2ed3    0x2  Code  Gb  stm32f1xx_it.o [2]
I2C1_ER_IRQHandler       0x800'3079         Code  Wk  startup_stm32f103xb.o [1]
I2C1_EV_IRQHandler       0x800'3075         Code  Wk  startup_stm32f103xb.o [1]
I2C2_ER_IRQHandler       0x800'3081         Code  Wk  startup_stm32f103xb.o [1]
I2C2_EV_IRQHandler       0x800'307d         Code  Wk  startup_stm32f103xb.o [1]
IntToUnicode             0x800'2e11   0x26  Code  Lc  usbd_desc.o [3]
MX_USB_DEVICE_Init       0x800'2115   0x54  Code  Gb  usb_device.o [3]
MemManage_Handler        0x800'2ed5    0x2  Code  Gb  stm32f1xx_it.o [2]
NMI_Handler              0x800'2ed1    0x2  Code  Gb  stm32f1xx_it.o [2]
PVD_IRQHandler           0x800'3005         Code  Wk  startup_stm32f103xb.o [1]
PendSV_Handler           0x800'2edf    0x2  Code  Gb  stm32f1xx_it.o [2]
RCC_IRQHandler           0x800'3015         Code  Wk  startup_stm32f103xb.o [1]
RTC_Alarm_IRQHandler     0x800'309d         Code  Wk  startup_stm32f103xb.o [1]
RTC_IRQHandler           0x800'300d         Code  Wk  startup_stm32f103xb.o [1]
Region$$Table$$Base      0x800'2f58          --   Gb  - Linker created -
Region$$Table$$Limit     0x800'2f78          --   Gb  - Linker created -
Reset_Handler            0x800'2ff1         Code  Wk  startup_stm32f103xb.o [1]
SPI1_IRQHandler          0x800'3085         Code  Wk  startup_stm32f103xb.o [1]
SPI2_IRQHandler          0x800'3089         Code  Wk  startup_stm32f103xb.o [1]
SVC_Handler              0x800'2edb    0x2  Code  Gb  stm32f1xx_it.o [2]
SysTick_Handler          0x800'2ee1    0x4  Code  Gb  stm32f1xx_it.o [2]
SystemClock_Config       0x800'1b79   0x80  Code  Gb  main.o [2]
SystemCoreClock         0x2000'000c    0x4  Data  Gb  system_stm32f1xx.o [5]
SystemInit               0x800'2fdd    0x2  Code  Gb  system_stm32f1xx.o [5]
TAMPER_IRQHandler        0x800'3009         Code  Wk  startup_stm32f103xb.o [1]
TIM1_BRK_IRQHandler      0x800'305d         Code  Wk  startup_stm32f103xb.o [1]
TIM1_CC_IRQHandler       0x800'3069         Code  Wk  startup_stm32f103xb.o [1]
TIM1_TRG_COM_IRQHandler
                         0x800'3065         Code  Wk  startup_stm32f103xb.o [1]
TIM1_UP_IRQHandler       0x800'3061         Code  Wk  startup_stm32f103xb.o [1]
TIM2_IRQHandler          0x800'306d         Code  Wk  startup_stm32f103xb.o [1]
TIM3_IRQHandler          0x800'3071         Code  Wk  startup_stm32f103xb.o [1]
TIM4_IRQHandler          0x800'2eeb    0x6  Code  Gb  stm32f1xx_it.o [2]
TIM_Base_SetConfig       0x800'23bd   0x5e  Code  Gb  stm32f1xx_hal_tim.o [6]
TIM_ETR_SetConfig        0x800'2483   0x14  Code  Gb  stm32f1xx_hal_tim.o [6]
TIM_ITRx_SetConfig       0x800'2473   0x10  Code  Lc  stm32f1xx_hal_tim.o [6]
TIM_TI1_ConfigInputStage
                         0x800'2431   0x1e  Code  Lc  stm32f1xx_hal_tim.o [6]
TIM_TI2_ConfigInputStage
                         0x800'244f   0x24  Code  Lc  stm32f1xx_hal_tim.o [6]
USART1_IRQHandler        0x800'308d         Code  Wk  startup_stm32f103xb.o [1]
USART2_IRQHandler        0x800'3091         Code  Wk  startup_stm32f103xb.o [1]
USART3_IRQHandler        0x800'3095         Code  Wk  startup_stm32f103xb.o [1]
USBD_CUSTOM_HID         0x2000'0044   0x38  Data  Gb  usbd_customhid.o [7]
USBD_CUSTOM_HID_CfgFSDesc
                        0x2000'007c   0x2c  Data  Lc  usbd_customhid.o [7]
USBD_CUSTOM_HID_CfgHSDesc
                        0x2000'00a8   0x2c  Data  Lc  usbd_customhid.o [7]
USBD_CUSTOM_HID_DataIn   0x800'2cbb    0xc  Code  Lc  usbd_customhid.o [7]
USBD_CUSTOM_HID_DataOut
                         0x800'2cc7   0x22  Code  Lc  usbd_customhid.o [7]
USBD_CUSTOM_HID_DeInit   0x800'2b9b   0x38  Code  Lc  usbd_customhid.o [7]
USBD_CUSTOM_HID_Desc    0x2000'0100    0xc  Data  Lc  usbd_customhid.o [7]
USBD_CUSTOM_HID_DeviceQualifierDesc
                        0x2000'010c    0xc  Data  Lc  usbd_customhid.o [7]
USBD_CUSTOM_HID_EP0_RxReady
                         0x800'2ce9   0x1e  Code  Lc  usbd_customhid.o [7]
USBD_CUSTOM_HID_GetDeviceQualifierDesc
                         0x800'2d07    0x8  Code  Lc  usbd_customhid.o [7]
USBD_CUSTOM_HID_GetFSCfgDesc
                         0x800'2ca3    0x8  Code  Lc  usbd_customhid.o [7]
USBD_CUSTOM_HID_GetHSCfgDesc
                         0x800'2cab    0x8  Code  Lc  usbd_customhid.o [7]
USBD_CUSTOM_HID_GetOtherSpeedCfgDesc
                         0x800'2cb3    0x8  Code  Lc  usbd_customhid.o [7]
USBD_CUSTOM_HID_Init     0x800'2b49   0x52  Code  Lc  usbd_customhid.o [7]
USBD_CUSTOM_HID_OtherSpeedCfgDesc
                        0x2000'00d4   0x2c  Data  Lc  usbd_customhid.o [7]
USBD_CUSTOM_HID_RegisterInterface
                         0x800'2d25    0xe  Code  Gb  usbd_customhid.o [7]
USBD_CUSTOM_HID_Setup    0x800'2bd3   0xd0  Code  Lc  usbd_customhid.o [7]
USBD_ClrClassConfig      0x800'188f    0xa  Code  Gb  usbd_core.o [7]
USBD_CtlContinueRx       0x800'20c3    0x4  Code  Gb  usbd_ioreq.o [7]
USBD_CtlContinueSendData
                         0x800'209f    0x4  Code  Gb  usbd_ioreq.o [7]
USBD_CtlError            0x800'2033   0x16  Code  Gb  usbd_ctlreq.o [7]
USBD_CtlPrepareRx        0x800'20af   0x14  Code  Gb  usbd_ioreq.o [7]
USBD_CtlReceiveStatus    0x800'20e1    0xe  Code  Gb  usbd_ioreq.o [7]
USBD_CtlSendData         0x800'208f   0x10  Code  Gb  usbd_ioreq.o [7]
USBD_CtlSendStatus       0x800'20d3    0xe  Code  Gb  usbd_ioreq.o [7]
USBD_CustomHID_fops_FS  0x2000'0034   0x10  Data  Gb  usbd_custom_hid_if.o [3]
USBD_FS_ConfigStrDescriptor
                         0x800'2ddd    0xc  Code  Gb  usbd_desc.o [3]
USBD_FS_DeviceDesc      0x2000'0134   0x14  Data  Gb  usbd_desc.o [3]
USBD_FS_DeviceDescriptor
                         0x800'2d81    0x8  Code  Gb  usbd_desc.o [3]
USBD_FS_InterfaceStrDescriptor
                         0x800'2e05    0xc  Code  Gb  usbd_desc.o [3]
USBD_FS_LangIDStrDescriptor
                         0x800'2d89    0x8  Code  Gb  usbd_desc.o [3]
USBD_FS_ManufacturerStrDescriptor
                         0x800'2d9d    0xa  Code  Gb  usbd_desc.o [3]
USBD_FS_ProductStrDescriptor
                         0x800'2d91    0xc  Code  Gb  usbd_desc.o [3]
USBD_FS_SerialStrDescriptor
                         0x800'2db1   0x2c  Code  Gb  usbd_desc.o [3]
USBD_GetString           0x800'2049   0x46  Code  Gb  usbd_ctlreq.o [7]
USBD_Get_USB_Status      0x800'0cc1   0x12  Code  Lc  usbd_conf.o [4]
USBD_Init                0x800'1839   0x26  Code  Gb  usbd_core.o [7]
USBD_LL_ClearStallEP     0x800'0c55    0xc  Code  Gb  usbd_conf.o [4]
USBD_LL_CloseEP          0x800'0c3d    0xc  Code  Gb  usbd_conf.o [4]
USBD_LL_DataInStage      0x800'196f   0xae  Code  Gb  usbd_core.o [7]
USBD_LL_DataOutStage     0x800'18ed   0x7a  Code  Gb  usbd_core.o [7]
USBD_LL_Init             0x800'0baf   0x68  Code  Gb  usbd_conf.o [4]
USBD_LL_IsStallEP        0x800'0c61   0x1e  Code  Gb  usbd_conf.o [4]
USBD_LL_OpenEP           0x800'0c27   0x16  Code  Gb  usbd_conf.o [4]
USBD_LL_PrepareReceive   0x800'0c97    0xc  Code  Gb  usbd_conf.o [4]
USBD_LL_Reset            0x800'1a1d   0x52  Code  Gb  usbd_core.o [7]
USBD_LL_Resume           0x800'1a85   0x12  Code  Gb  usbd_core.o [7]
USBD_LL_SOF              0x800'1a97   0x18  Code  Gb  usbd_core.o [7]
USBD_LL_SetSpeed         0x800'1a6f    0x6  Code  Gb  usbd_core.o [7]
USBD_LL_SetUSBAddress    0x800'0c7f    0xc  Code  Gb  usbd_conf.o [4]
USBD_LL_SetupStage       0x800'1899   0x54  Code  Gb  usbd_core.o [7]
USBD_LL_StallEP          0x800'0c49    0xc  Code  Gb  usbd_conf.o [4]
USBD_LL_Start            0x800'0c17    0xa  Code  Gb  usbd_conf.o [4]
USBD_LL_Suspend          0x800'1a75   0x10  Code  Gb  usbd_core.o [7]
USBD_LL_Transmit         0x800'0c8b    0xc  Code  Gb  usbd_conf.o [4]
USBD_LangIDDesc         0x2000'0148    0x4  Data  Gb  usbd_desc.o [3]
USBD_ParseSetupRequest   0x800'200b   0x28  Code  Gb  usbd_ctlreq.o [7]
USBD_RegisterClass       0x800'185f   0x10  Code  Gb  usbd_core.o [7]
USBD_SetClassConfig      0x800'1879   0x16  Code  Gb  usbd_core.o [7]
USBD_SetConfig::cfgidx  0x2000'09c0    0x1  Data  Lc  usbd_ctlreq.o [7]
USBD_Start               0x800'186f    0xa  Code  Gb  usbd_core.o [7]
USBD_StdDevReq           0x800'1c31  0x268  Code  Gb  usbd_ctlreq.o [7]
USBD_StdEPReq            0x800'1ee9  0x11a  Code  Gb  usbd_ctlreq.o [7]
USBD_StdItfReq           0x800'1e9d   0x4c  Code  Gb  usbd_ctlreq.o [7]
USBD_StrDesc            0x2000'0718  0x200  Data  Gb  usbd_desc.o [3]
USBD_StringSerial       0x2000'014c   0x1c  Data  Gb  usbd_desc.o [3]
USBD_static_free         0x800'0cbd    0x2  Code  Gb  usbd_conf.o [4]
USBD_static_malloc       0x800'0ca3    0x4  Code  Gb  usbd_conf.o [4]
USBD_static_malloc::mem
                        0x2000'09a4   0x1c  Data  Lc  usbd_conf.o [4]
USBWakeUp_IRQHandler     0x800'30a1         Code  Wk  startup_stm32f103xb.o [1]
USB_ActivateEndpoint     0x800'0d91  0x1f8  Code  Gb  stm32f1xx_ll_usb.o [6]
USB_CoreInit             0x800'0d51    0x4  Code  Gb  stm32f1xx_ll_usb.o [6]
USB_DeactivateEndpoint   0x800'0fc5  0x110  Code  Gb  stm32f1xx_ll_usb.o [6]
USB_DevConnect           0x800'16f3    0x4  Code  Gb  stm32f1xx_ll_usb.o [6]
USB_DevDisconnect        0x800'16f7    0x4  Code  Gb  stm32f1xx_ll_usb.o [6]
USB_DevInit              0x800'0d75   0x14  Code  Gb  stm32f1xx_ll_usb.o [6]
USB_DisableGlobalInt     0x800'0d65    0xc  Code  Gb  stm32f1xx_ll_usb.o [6]
USB_EP0_OutStart         0x800'1701    0x4  Code  Gb  stm32f1xx_ll_usb.o [6]
USB_EPClearStall         0x800'166d   0x7a  Code  Gb  stm32f1xx_ll_usb.o [6]
USB_EPSetStall           0x800'163b   0x32  Code  Gb  stm32f1xx_ll_usb.o [6]
USB_EPStartXfer          0x800'10d5  0x47e  Code  Gb  stm32f1xx_ll_usb.o [6]
USB_EnableGlobalInt      0x800'0d55   0x10  Code  Gb  stm32f1xx_ll_usb.o [6]
USB_HP_CAN1_TX_IRQHandler
                         0x800'304d         Code  Wk  startup_stm32f103xb.o [1]
USB_LP_CAN1_RX0_IRQHandler
                         0x800'2ee5    0x6  Code  Gb  stm32f1xx_it.o [2]
USB_ReadInterrupts       0x800'16fb    0x6  Code  Gb  stm32f1xx_ll_usb.o [6]
USB_ReadPMA              0x800'1733   0x28  Code  Gb  stm32f1xx_ll_usb.o [6]
USB_SetCurrentMode       0x800'0d71    0x4  Code  Gb  stm32f1xx_ll_usb.o [6]
USB_SetDevAddress        0x800'16e7    0xc  Code  Gb  stm32f1xx_ll_usb.o [6]
USB_WritePMA             0x800'170f   0x24  Code  Gb  stm32f1xx_ll_usb.o [6]
UsageFault_Handler       0x800'2ed9    0x2  Code  Gb  stm32f1xx_it.o [2]
WWDG_IRQHandler          0x800'3001         Code  Wk  startup_stm32f103xb.o [1]
__NVIC_SetPriority       0x800'1775   0x1a  Code  Lc  stm32f1xx_hal_cortex.o [6]
__aeabi_memclr4          0x800'2501         Code  Gb  ABImemclr4.o [9]
__cmain                  0x800'2f79         Code  Gb  cmain.o [9]
__exit                   0x800'2fad   0x14  Code  Gb  exit.o [10]
__iar_Memset4_word       0x800'2d41         Code  Gb  ABImemset48.o [9]
__iar_Memset8_word       0x800'2d41         Code  Gb  ABImemset48.o [9]
__iar_data_init3         0x800'2f31   0x28  Code  Gb  data_init.o [9]
__iar_lz77_init_single3
                         0x800'0cd3   0x7e  Code  Gb  lz77_init_single.o [9]
__iar_program_start      0x800'2fc1         Code  Gb  cstartup_M.o [9]
__iar_small_Memcpy       0x800'1761         Code  Gb  ABImemcpy_small.o [9]
__iar_small_memcpy       0x800'175d         Code  Gb  ABImemcpy_small.o [9]
__iar_small_memcpy4      0x800'175d         Code  Gb  ABImemcpy_small.o [9]
__iar_small_memcpy8      0x800'175d         Code  Gb  ABImemcpy_small.o [9]
__iar_zero_init3         0x800'2e99   0x38  Code  Gb  zero_init3.o [9]
__low_level_init         0x800'2f97    0x4  Code  Gb  low_level_init.o [8]
__vector_table           0x800'0000         Data  Gb  startup_stm32f103xb.o [1]
_call_main               0x800'2f85         Code  Gb  cmain.o [9]
_exit                    0x800'2fa1         Code  Gb  cexit.o [9]
exit                     0x800'2f9b    0x4  Code  Gb  exit.o [8]
flag                    0x2000'0918    0x1  Data  Gb  main.o [2]
flag_rx                 0x2000'0919    0x1  Data  Gb  main.o [2]
hUsbDeviceFS            0x2000'0454  0x2c4  Data  Gb  usb_device.o [3]
hpcd_USB_FS             0x2000'0168  0x2ec  Data  Gb  usbd_conf.o [4]
htim4                   0x2000'091c   0x48  Data  Gb  main.o [2]
main                     0x800'1ab5   0xb8  Code  Gb  main.o [2]
report_buffer           0x2000'0964   0x40  Data  Gb  main.o [2]
uwTick                  0x2000'0004    0x4  Data  Gb  stm32f1xx_hal.o [6]
uwTickFreq              0x2000'0000    0x1  Data  Gb  stm32f1xx_hal.o [6]
uwTickPrio              0x2000'0008    0x4  Data  Gb  stm32f1xx_hal.o [6]


[1] = D:\my_workspace\my_fw\stm_joy\EWARM\stm_joy\Obj\Application\EWARM
[2] = D:\my_workspace\my_fw\stm_joy\EWARM\stm_joy\Obj\Application\User\Core
[3] = D:\my_workspace\my_fw\stm_joy\EWARM\stm_joy\Obj\Application\User\USB_DEVICE\App
[4] = D:\my_workspace\my_fw\stm_joy\EWARM\stm_joy\Obj\Application\User\USB_DEVICE\Target
[5] = D:\my_workspace\my_fw\stm_joy\EWARM\stm_joy\Obj\Drivers\CMSIS
[6] = D:\my_workspace\my_fw\stm_joy\EWARM\stm_joy\Obj\Drivers\STM32F1xx_HAL_Driver
[7] = D:\my_workspace\my_fw\stm_joy\EWARM\stm_joy\Obj\Middlewares\USB_Device_Library
[8] = dl7M_tlf.a
[9] = rt7M_tl.a
[10] = shb_l.a

  12'420 bytes of readonly  code memory
     239 bytes of readonly  data memory
   3'521 bytes of readwrite data memory

Errors: none
Warnings: none
